Archive member included to satisfy reference by file (symbol)

C:/ST/STM32CubeIDE_1.18.1/STM32CubeIDE/plugins/com.st.stm32cube.ide.mcu.externaltools.gnu-tools-for-stm32.13.3.rel1.win32_1.0.0.202411081344/tools/bin/../lib/gcc/arm-none-eabi/13.3.1/../../../../arm-none-eabi/lib/thumb/v7e-m+fp/hard\libc_nano.a(libc_a-exit.o)
                              C:/ST/STM32CubeIDE_1.18.1/STM32CubeIDE/plugins/com.st.stm32cube.ide.mcu.externaltools.gnu-tools-for-stm32.13.3.rel1.win32_1.0.0.202411081344/tools/bin/../lib/gcc/arm-none-eabi/13.3.1/../../../../arm-none-eabi/lib/thumb/v7e-m+fp/hard/crt0.o (exit)
C:/ST/STM32CubeIDE_1.18.1/STM32CubeIDE/plugins/com.st.stm32cube.ide.mcu.externaltools.gnu-tools-for-stm32.13.3.rel1.win32_1.0.0.202411081344/tools/bin/../lib/gcc/arm-none-eabi/13.3.1/../../../../arm-none-eabi/lib/thumb/v7e-m+fp/hard\libc_nano.a(libc_a-findfp.o)
                              C:/ST/STM32CubeIDE_1.18.1/STM32CubeIDE/plugins/com.st.stm32cube.ide.mcu.externaltools.gnu-tools-for-stm32.13.3.rel1.win32_1.0.0.202411081344/tools/bin/../lib/gcc/arm-none-eabi/13.3.1/../../../../arm-none-eabi/lib/thumb/v7e-m+fp/hard\libc_nano.a(libc_a-exit.o) (__stdio_exit_handler)
C:/ST/STM32CubeIDE_1.18.1/STM32CubeIDE/plugins/com.st.stm32cube.ide.mcu.externaltools.gnu-tools-for-stm32.13.3.rel1.win32_1.0.0.202411081344/tools/bin/../lib/gcc/arm-none-eabi/13.3.1/../../../../arm-none-eabi/lib/thumb/v7e-m+fp/hard\libc_nano.a(libc_a-fwalk.o)
                              C:/ST/STM32CubeIDE_1.18.1/STM32CubeIDE/plugins/com.st.stm32cube.ide.mcu.externaltools.gnu-tools-for-stm32.13.3.rel1.win32_1.0.0.202411081344/tools/bin/../lib/gcc/arm-none-eabi/13.3.1/../../../../arm-none-eabi/lib/thumb/v7e-m+fp/hard\libc_nano.a(libc_a-findfp.o) (_fwalk_sglue)
C:/ST/STM32CubeIDE_1.18.1/STM32CubeIDE/plugins/com.st.stm32cube.ide.mcu.externaltools.gnu-tools-for-stm32.13.3.rel1.win32_1.0.0.202411081344/tools/bin/../lib/gcc/arm-none-eabi/13.3.1/../../../../arm-none-eabi/lib/thumb/v7e-m+fp/hard\libc_nano.a(libc_a-printf.o)
                              ./Core/Src/app_tasks.o (printf)
C:/ST/STM32CubeIDE_1.18.1/STM32CubeIDE/plugins/com.st.stm32cube.ide.mcu.externaltools.gnu-tools-for-stm32.13.3.rel1.win32_1.0.0.202411081344/tools/bin/../lib/gcc/arm-none-eabi/13.3.1/../../../../arm-none-eabi/lib/thumb/v7e-m+fp/hard\libc_nano.a(libc_a-puts.o)
                              ./Core/Src/app_tasks.o (puts)
C:/ST/STM32CubeIDE_1.18.1/STM32CubeIDE/plugins/com.st.stm32cube.ide.mcu.externaltools.gnu-tools-for-stm32.13.3.rel1.win32_1.0.0.202411081344/tools/bin/../lib/gcc/arm-none-eabi/13.3.1/../../../../arm-none-eabi/lib/thumb/v7e-m+fp/hard\libc_nano.a(libc_a-snprintf.o)
                              ./Core/Src/wifi_http.o (snprintf)
C:/ST/STM32CubeIDE_1.18.1/STM32CubeIDE/plugins/com.st.stm32cube.ide.mcu.externaltools.gnu-tools-for-stm32.13.3.rel1.win32_1.0.0.202411081344/tools/bin/../lib/gcc/arm-none-eabi/13.3.1/../../../../arm-none-eabi/lib/thumb/v7e-m+fp/hard\libc_nano.a(libc_a-sprintf.o)
                              ./Middlewares/WiFI/Src/es_wifi.o (sprintf)
C:/ST/STM32CubeIDE_1.18.1/STM32CubeIDE/plugins/com.st.stm32cube.ide.mcu.externaltools.gnu-tools-for-stm32.13.3.rel1.win32_1.0.0.202411081344/tools/bin/../lib/gcc/arm-none-eabi/13.3.1/../../../../arm-none-eabi/lib/thumb/v7e-m+fp/hard\libc_nano.a(libc_a-stdio.o)
                              C:/ST/STM32CubeIDE_1.18.1/STM32CubeIDE/plugins/com.st.stm32cube.ide.mcu.externaltools.gnu-tools-for-stm32.13.3.rel1.win32_1.0.0.202411081344/tools/bin/../lib/gcc/arm-none-eabi/13.3.1/../../../../arm-none-eabi/lib/thumb/v7e-m+fp/hard\libc_nano.a(libc_a-findfp.o) (__sread)
C:/ST/STM32CubeIDE_1.18.1/STM32CubeIDE/plugins/com.st.stm32cube.ide.mcu.externaltools.gnu-tools-for-stm32.13.3.rel1.win32_1.0.0.202411081344/tools/bin/../lib/gcc/arm-none-eabi/13.3.1/../../../../arm-none-eabi/lib/thumb/v7e-m+fp/hard\libc_nano.a(libc_a-wbuf.o)
                              C:/ST/STM32CubeIDE_1.18.1/STM32CubeIDE/plugins/com.st.stm32cube.ide.mcu.externaltools.gnu-tools-for-stm32.13.3.rel1.win32_1.0.0.202411081344/tools/bin/../lib/gcc/arm-none-eabi/13.3.1/../../../../arm-none-eabi/lib/thumb/v7e-m+fp/hard\libc_nano.a(libc_a-puts.o) (__swbuf_r)
C:/ST/STM32CubeIDE_1.18.1/STM32CubeIDE/plugins/com.st.stm32cube.ide.mcu.externaltools.gnu-tools-for-stm32.13.3.rel1.win32_1.0.0.202411081344/tools/bin/../lib/gcc/arm-none-eabi/13.3.1/../../../../arm-none-eabi/lib/thumb/v7e-m+fp/hard\libc_nano.a(libc_a-wsetup.o)
                              C:/ST/STM32CubeIDE_1.18.1/STM32CubeIDE/plugins/com.st.stm32cube.ide.mcu.externaltools.gnu-tools-for-stm32.13.3.rel1.win32_1.0.0.202411081344/tools/bin/../lib/gcc/arm-none-eabi/13.3.1/../../../../arm-none-eabi/lib/thumb/v7e-m+fp/hard\libc_nano.a(libc_a-puts.o) (__swsetup_r)
[...]
Memory Configuration

Name             Origin             Length             Attributes
RAM              0x20000000         0x00018000         xrw
RAM2             0x10000000         0x00008000         xrw
FLASH            0x08000000         0x00100000         xr
*default*        0x00000000         0xffffffff

Linker script and memory map

LOAD C:/ST/STM32CubeIDE_1.18.1/STM32CubeIDE/plugins/com.st.stm32cube.ide.mcu.externaltools.gnu-tools-for-stm32.13.3.rel1.win32_1.0.0.202411081344/tools/bin/../lib/gcc/arm-none-eabi/13.3.1/thumb/v7e-m+fp/hard/crti.o
LOAD C:/ST/STM32CubeIDE_1.18.1/STM32CubeIDE/plugins/com.st.stm32cube.ide.mcu.externaltools.gnu-tools-for-stm32.13.3.rel1.win32_1.0.0.202411081344/tools/bin/../lib/gcc/arm-none-eabi/13.3.1/thumb/v7e-m+fp/hard/crtbegin.o
LOAD C:/ST/STM32CubeIDE_1.18.1/STM32CubeIDE/plugins/com.st.stm32cube.ide.mcu.externaltools.gnu-tools-for-stm32.13.3.rel1.win32_1.0.0.202411081344/tools/bin/../lib/gcc/arm-none-eabi/13.3.1/../../../../arm-none-eabi/lib/thumb/v7e-m+fp/hard/crt0.o
LOAD ./Core/Src/app_tasks.o
LOAD ./Core/Src/button.o
LOAD ./Core/Src/freertos.o
LOAD ./Core/Src/main.o
LOAD ./Core/Src/rc522.o
LOAD ./Core/Src/servo.o
LOAD ./Core/Src/stm32l4xx_hal_msp.o
LOAD ./Core/Src/stm32l4xx_hal_timebase_tim.o
LOAD ./Core/Src/stm32l4xx_it.o
LOAD ./Core/Src/syscalls.o
LOAD ./Core/Src/sysmem.o
LOAD ./Core/Src/system_stm32l4xx.o
LOAD ./Core/Src/wifi_http.o
LOAD ./Core/Startup/startup_stm32l475vgtx.o
LOAD ./Drivers/STM32L4xx_HAL_Driver/Src/stm32l4xx_hal.o
LOAD ./Drivers/STM32L4xx_HAL_Driver/Src/stm32l4xx_hal_cortex.o
LOAD ./Drivers/STM32L4xx_HAL_Driver/Src/stm32l4xx_hal_dfsdm.o
LOAD ./Drivers/STM32L4xx_HAL_Driver/Src/stm32l4xx_hal_dma.o
LOAD ./Drivers/STM32L4xx_HAL_Driver/Src/stm32l4xx_hal_dma_ex.o
LOAD ./Drivers/STM32L4xx_HAL_Driver/Src/stm32l4xx_hal_exti.o
LOAD ./Drivers/STM32L4xx_HAL_Driver/Src/stm32l4xx_hal_flash.o
LOAD ./Drivers/STM32L4xx_HAL_Driver/Src/stm32l4xx_hal_flash_ex.o
LOAD ./Drivers/STM32L4xx_HAL_Driver/Src/stm32l4xx_hal_flash_ramfunc.o
LOAD ./Drivers/STM32L4xx_HAL_Driver/Src/stm32l4xx_hal_gpio.o
LOAD ./Drivers/STM32L4xx_HAL_Driver/Src/stm32l4xx_hal_i2c.o
LOAD ./Drivers/STM32L4xx_HAL_Driver/Src/stm32l4xx_hal_i2c_ex.o
LOAD ./Drivers/STM32L4xx_HAL_Driver/Src/stm32l4xx_hal_pcd.o
LOAD ./Drivers/STM32L4xx_HAL_Driver/Src/stm32l4xx_hal_pcd_ex.o
LOAD ./Drivers/STM32L4xx_HAL_Driver/Src/stm32l4xx_hal_pwr.o
LOAD ./Drivers/STM32L4xx_HAL_Driver/Src/stm32l4xx_hal_pwr_ex.o
LOAD ./Drivers/STM32L4xx_HAL_Driver/Src/stm32l4xx_hal_qspi.o
LOAD ./Drivers/STM32L4xx_HAL_Driver/Src/stm32l4xx_hal_rcc.o
LOAD ./Drivers/STM32L4xx_HAL_Driver/Src/stm32l4xx_hal_rcc_ex.o
LOAD ./Drivers/STM32L4xx_HAL_Driver/Src/stm32l4xx_hal_spi.o
LOAD ./Drivers/STM32L4xx_HAL_Driver/Src/stm32l4xx_hal_spi_ex.o
LOAD ./Drivers/STM32L4xx_HAL_Driver/Src/stm32l4xx_hal_tim.o
LOAD ./Drivers/STM32L4xx_HAL_Driver/Src/stm32l4xx_hal_tim_ex.o
LOAD ./Drivers/STM32L4xx_HAL_Driver/Src/stm32l4xx_hal_uart.o
LOAD ./Drivers/STM32L4xx_HAL_Driver/Src/stm32l4xx_hal_uart_ex.o
LOAD ./Drivers/STM32L4xx_HAL_Driver/Src/stm32l4xx_ll_usb.o
LOAD ./Middlewares/Third_Party/FreeRTOS/Source/CMSIS_RTOS_V2/cmsis_os2.o
LOAD ./Middlewares/Third_Party/FreeRTOS/Source/croutine.o
LOAD ./Middlewares/Third_Party/FreeRTOS/Source/event_groups.o
LOAD ./Middlewares/Third_Party/FreeRTOS/Source/list.o
LOAD ./Middlewares/Third_Party/FreeRTOS/Source/queue.o
LOAD ./Middlewares/Third_Party/FreeRTOS/Source/stream_buffer.o
LOAD ./Middlewares/Third_Party/FreeRTOS/Source/tasks.o
LOAD ./Middlewares/Third_Party/FreeRTOS/Source/timers.o
LOAD ./Middlewares/Third_Party/FreeRTOS/Source/portable/GCC/ARM_CM4F/port.o
LOAD ./Middlewares/Third_Party/FreeRTOS/Source/portable/MemMang/heap_4.o
LOAD ./Middlewares/WiFI/Src/es_wifi.o
LOAD ./Middlewares/WiFI/Src/es_wifi_io.o
LOAD ./Middlewares/WiFI/Src/wifi.o
START GROUP
LOAD C:/ST/STM32CubeIDE_1.18.1/STM32CubeIDE/plugins/com.st.stm32cube.ide.mcu.externaltools.gnu-tools-for-stm32.13.3.rel1.win32_1.0.0.202411081344/tools/bin/../lib/gcc/arm-none-eabi/13.3.1/../../../../arm-none-eabi/lib/thumb/v7e-m+fp/hard\libc_nano.a
LOAD C:/ST/STM32CubeIDE_1.18.1/STM32CubeIDE/plugins/com.st.stm32cube.ide.mcu.externaltools.gnu-tools-for-stm32.13.3.rel1.win32_1.0.0.202411081344/tools/bin/../lib/gcc/arm-none-eabi/13.3.1/../../../../arm-none-eabi/lib/thumb/v7e-m+fp/hard\libm.a
END GROUP
START GROUP
LOAD C:/ST/STM32CubeIDE_1.18.1/STM32CubeIDE/plugins/com.st.stm32cube.ide.mcu.externaltools.gnu-tools-for-stm32.13.3.rel1.win32_1.0.0.202411081344/tools/bin/../lib/gcc/arm-none-eabi/13.3.1/thumb/v7e-m+fp/hard\libgcc.a
LOAD C:/ST/STM32CubeIDE_1.18.1/STM32CubeIDE/plugins/com.st.stm32cube.ide.mcu.externaltools.gnu-tools-for-stm32.13.3.rel1.win32_1.0.0.202411081344/tools/bin/../lib/gcc/arm-none-eabi/13.3.1/../../../../arm-none-eabi/lib/thumb/v7e-m+fp/hard\libc_nano.a
END GROUP
START GROUP
LOAD C:/ST/STM32CubeIDE_1.18.1/STM32CubeIDE/plugins/com.st.stm32cube.ide.mcu.externaltools.gnu-tools-for-stm32.13.3.rel1.win32_1.0.0.202411081344/tools/bin/../lib/gcc/arm-none-eabi/13.3.1/thumb/v7e-m+fp/hard\libgcc.a
LOAD C:/ST/STM32CubeIDE_1.18.1/STM32CubeIDE/plugins/com.st.stm32cube.ide.mcu.externaltools.gnu-tools-for-stm32.13.3.rel1.win32_1.0.0.202411081344/tools/bin/../lib/gcc/arm-none-eabi/13.3.1/../../../../arm-none-eabi/lib/thumb/v7e-m+fp/hard\libc_nano.a
LOAD C:/ST/STM32CubeIDE_1.18.1/STM32CubeIDE/plugins/com.st.stm32cube.ide.mcu.externaltools.gnu-tools-for-stm32.13.3.rel1.win32_1.0.0.202411081344/tools/bin/../lib/gcc/arm-none-eabi/13.3.1/../../../../arm-none-eabi/lib/thumb/v7e-m+fp/hard\libnosys.a
END GROUP
START GROUP
LOAD C:/ST/STM32CubeIDE_1.18.1/STM32CubeIDE/plugins/com.st.stm32cube.ide.mcu.externaltools.gnu-tools-for-stm32.13.3.rel1.win32_1.0.0.202411081344/tools/bin/../lib/gcc/arm-none-eabi/13.3.1/thumb/v7e-m+fp/hard\libgcc.a
LOAD C:/ST/STM32CubeIDE_1.18.1/STM32CubeIDE/plugins/com.st.stm32cube.ide.mcu.externaltools.gnu-tools-for-stm32.13.3.rel1.win32_1.0.0.202411081344/tools/bin/../lib/gcc/arm-none-eabi/13.3.1/../../../../arm-none-eabi/lib/thumb/v7e-m+fp/hard\libc_nano.a
LOAD C:/ST/STM32CubeIDE_1.18.1/STM32CubeIDE/plugins/com.st.stm32cube.ide.mcu.externaltools.gnu-tools-for-stm32.13.3.rel1.win32_1.0.0.202411081344/tools/bin/../lib/gcc/arm-none-eabi/13.3.1/../../../../arm-none-eabi/lib/thumb/v7e-m+fp/hard\libnosys.a
END GROUP
LOAD C:/ST/STM32CubeIDE_1.18.1/STM32CubeIDE/plugins/com.st.stm32cube.ide.mcu.externaltools.gnu-tools-for-stm32.13.3.rel1.win32_1.0.0.202411081344/tools/bin/../lib/gcc/arm-none-eabi/13.3.1/thumb/v7e-m+fp/hard/crtend.o
LOAD C:/ST/STM32CubeIDE_1.18.1/STM32CubeIDE/plugins/com.st.stm32cube.ide.mcu.externaltools.gnu-tools-for-stm32.13.3.rel1.win32_1.0.0.202411081344/tools/bin/../lib/gcc/arm-none-eabi/13.3.1/thumb/v7e-m+fp/hard/crtn.o
                0x20018000                        _estack = (ORIGIN (RAM) + LENGTH (RAM))
                0x00000200                        _Min_Heap_Size = 0x200
                0x00000400                        _Min_Stack_Size = 0x400

.isr_vector     0x08000000      0x188
                0x08000000                        . = ALIGN (0x4)
 *(.isr_vector)
 .isr_vector    0x08000000      0x188 ./Core/Startup/startup_stm32l475vgtx.o
                0x08000000                g_pfnVectors
                0x08000188                        . = ALIGN (0x4)

.text           0x08000190     0xf45c
                0x08000190                        . = ALIGN (0x4)
 *(.text)
 .text          0x08000190       0x40 C:/ST/STM32CubeIDE_1.18.1/STM32CubeIDE/plugins/com.st.stm32cube.ide.mcu.externaltools.gnu-tools-for-stm32.13.3.rel1.win32_1.0.0.202411081344/tools/bin/../lib/gcc/arm-none-eabi/13.3.1/thumb/v7e-m+fp/hard/crtbegin.o
 .text          0x080001d0       0x14 C:/ST/STM32CubeIDE_1.18.1/STM32CubeIDE/plugins/com.st.stm32cube.ide.mcu.externaltools.gnu-tools-for-stm32.13.3.rel1.win32_1.0.0.202411081344/tools/bin/../lib/gcc/arm-none-eabi/13.3.1/../../../../arm-none-eabi/lib/thumb/v7e-m+fp/hard\libc_nano.a(libc_a-strcmp.o)
                0x080001d0                strcmp
 .text          0x080001e4       0x10 C:/ST/STM32CubeIDE_1.18.1/STM32CubeIDE/plugins/com.st.stm32cube.ide.mcu.externaltools.gnu-tools-for-stm32.13.3.rel1.win32_1.0.0.202411081344/tools/bin/../lib/gcc/arm-none-eabi/13.3.1/../../../../arm-none-eabi/lib/thumb/v7e-m+fp/hard\libc_nano.a(libc_a-strlen.o)
                0x080001e4                strlen
 *fill*         0x080001f4        0xc 
 .text          0x08000200       0xa0 C:/ST/STM32CubeIDE_1.18.1/STM32CubeIDE/plugins/com.st.stm32cube.ide.mcu.externaltools.gnu-tools-for-stm32.13.3.rel1.win32_1.0.0.202411081344/tools/bin/../lib/gcc/arm-none-eabi/13.3.1/../../../../arm-none-eabi/lib/thumb/v7e-m+fp/hard\libc_nano.a(libc_a-memchr.o)
                0x08000200                memchr
 .text          0x080002a0       0x30 C:/ST/STM32CubeIDE_1.18.1/STM32CubeIDE/plugins/com.st.stm32cube.ide.mcu.externaltools.gnu-tools-for-stm32.13.3.rel1.win32_1.0.0.202411081344/tools/bin/../lib/gcc/arm-none-eabi/13.3.1/thumb/v7e-m+fp/hard\libgcc.a(_aeabi_uldivmod.o)
                0x080002a0                __aeabi_uldivmod
 .text          0x080002d0      0x2f8 C:/ST/STM32CubeIDE_1.18.1/STM32CubeIDE/plugins/com.st.stm32cube.ide.mcu.externaltools.gnu-tools-for-stm32.13.3.rel1.win32_1.0.0.202411081344/tools/bin/../lib/gcc/arm-none-eabi/13.3.1/thumb/v7e-m+fp/hard\libgcc.a(_udivmoddi4.o)
                0x080002d0                __udivmoddi4
 .text          0x080005c8        0x4 C:/ST/STM32CubeIDE_1.18.1/STM32CubeIDE/plugins/com.st.stm32cube.ide.mcu.externaltools.gnu-tools-for-stm32.13.3.rel1.win32_1.0.0.202411081344/tools/bin/../lib/gcc/arm-none-eabi/13.3.1/thumb/v7e-m+fp/hard\libgcc.a(_dvmd_tls.o)
                0x080005c8                __aeabi_idiv0
                0x080005c8                __aeabi_ldiv0
 *(.text*)
 .text.RFIDTask_Entry
                0x080005cc       0x90 ./Core/Src/app_tasks.o
                0x080005cc                RFIDTask_Entry
 .text.ButtonTask_Entry
                0x0800065c       0x88 ./Core/Src/app_tasks.o
                0x0800065c                ButtonTask_Entry
 .text.WiFiTask_Entry
                0x080006e4      0x274 ./Core/Src/app_tasks.o
                0x080006e4                WiFiTask_Entry
 .text.Button_Init
                0x08000958       0x24 ./Core/Src/button.o
                0x08000958                Button_Init
 .text.Button_EXTI_Callback
                0x0800097c       0x44 ./Core/Src/button.o
                0x0800097c                Button_EXTI_Callback
 .text.Button_WasPressed
                0x080009c0       0x28 ./Core/Src/button.o
                0x080009c0                Button_WasPressed
 .text.__io_putchar
                0x080009e8       0x24 ./Core/Src/main.o
                0x080009e8                __io_putchar
 .text.main     0x08000a0c      0x1b4 ./Core/Src/main.o
                0x08000a0c                main
 .text.SystemClock_Config
                0x08000bc0       0xc4 ./Core/Src/main.o
                0x08000bc0                SystemClock_Config
 .text.MX_DFSDM1_Init
                0x08000c84       0x70 ./Core/Src/main.o
 .text.MX_I2C2_Init
                0x08000cf4       0x7c ./Core/Src/main.o
 .text.MX_QUADSPI_Init
                0x08000d70       0x4c ./Core/Src/main.o
 .text.MX_SPI1_Init
                0x08000dbc       0x7c ./Core/Src/main.o
 .text.MX_TIM2_Init
                0x08000e38       0xb4 ./Core/Src/main.o
 .text.MX_USART1_UART_Init
                0x08000eec       0x60 ./Core/Src/main.o
 .text.MX_USART3_UART_Init
                0x08000f4c       0x60 ./Core/Src/main.o
 .text.MX_USB_OTG_FS_PCD_Init
                0x08000fac       0x5c ./Core/Src/main.o
 .text.MX_GPIO_Init
                0x08001008      0x308 ./Core/Src/main.o
 .text.HAL_GPIO_EXTI_Callback
                0x08001310       0x24 ./Core/Src/main.o
                0x08001310                HAL_GPIO_EXTI_Callback
 .text.StartDefaultTask
                0x08001334       0x10 ./Core/Src/main.o
                0x08001334                StartDefaultTask
 .text.HAL_TIM_PeriodElapsedCallback
                0x08001344       0x24 ./Core/Src/main.o
                0x08001344                HAL_TIM_PeriodElapsedCallback
 .text.Error_Handler
                0x08001368        0xc ./Core/Src/main.o
                0x08001368                Error_Handler
 .text.RC522_WriteReg
                0x08001374       0x58 ./Core/Src/rc522.o
                0x08001374                RC522_WriteReg
 .text.RC522_ReadReg
                0x080013cc       0x6c ./Core/Src/rc522.o
                0x080013cc                RC522_ReadReg
 .text.RC522_SetBitMask
                0x08001438       0x36 ./Core/Src/rc522.o
 .text.RC522_ClearBitMask
                0x0800146e       0x40 ./Core/Src/rc522.o
 .text.RC522_HardReset
                0x080014ae       0x2c ./Core/Src/rc522.o
 .text.RC522_AntennaOn
                0x080014da       0x2a ./Core/Src/rc522.o
                0x080014da                RC522_AntennaOn
 .text.RC522_Init
                0x08001504       0x4e ./Core/Src/rc522.o
                0x08001504                RC522_Init
 .text.RC522_ToCard
                0x08001552      0x19c ./Core/Src/rc522.o
 .text.RC522_Request
                0x080016ee       0x4a ./Core/Src/rc522.o
                0x080016ee                RC522_Request
 .text.RC522_Anticoll
                0x08001738       0x78 ./Core/Src/rc522.o
                0x08001738                RC522_Anticoll
 .text.Servo_SetPulse
                0x080017b0       0x24 ./Core/Src/servo.o
 .text.Servo_RunForMs
                0x080017d4       0x26 ./Core/Src/servo.o
 *fill*         0x080017fa        0x2 
 .text.Servo_Init
                0x080017fc       0x18 ./Core/Src/servo.o
                0x080017fc                Servo_Init
 .text.Servo_Stop
                0x08001814       0x10 ./Core/Src/servo.o
                0x08001814                Servo_Stop
 .text.Servo_UnlockSequence
                0x08001824       0x18 ./Core/Src/servo.o
                0x08001824                Servo_UnlockSequence
 .text.Servo_UnlockOnly
                0x0800183c       0x4c ./Core/Src/servo.o
                0x0800183c                Servo_UnlockOnly
 .text.Servo_LockOnly
                0x08001888       0x4c ./Core/Src/servo.o
                0x08001888                Servo_LockOnly
 .text.Servo_IsLocked
                0x080018d4       0x18 ./Core/Src/servo.o
                0x080018d4                Servo_IsLocked
 .text.HAL_MspInit
                0x080018ec       0x50 ./Core/Src/stm32l4xx_hal_msp.o
                0x080018ec                HAL_MspInit
 .text.HAL_DFSDM_ChannelMspInit
                0x0800193c       0xc8 ./Core/Src/stm32l4xx_hal_msp.o
                0x0800193c                HAL_DFSDM_ChannelMspInit
 .text.HAL_I2C_MspInit
                0x08001a04       0xbc ./Core/Src/stm32l4xx_hal_msp.o
                0x08001a04                HAL_I2C_MspInit
 .text.HAL_QSPI_MspInit
                0x08001ac0       0x88 ./Core/Src/stm32l4xx_hal_msp.o
                0x08001ac0                HAL_QSPI_MspInit
 .text.HAL_SPI_MspInit
                0x08001b48       0xec ./Core/Src/stm32l4xx_hal_msp.o
                0x08001b48                HAL_SPI_MspInit
 .text.HAL_SPI_MspDeInit
                0x08001c34       0x64 ./Core/Src/stm32l4xx_hal_msp.o
                0x08001c34                HAL_SPI_MspDeInit
 .text.HAL_TIM_PWM_MspInit
                0x08001c98       0x3c ./Core/Src/stm32l4xx_hal_msp.o
                0x08001c98                HAL_TIM_PWM_MspInit
 .text.HAL_TIM_MspPostInit
                0x08001cd4       0x6c ./Core/Src/stm32l4xx_hal_msp.o
                0x08001cd4                HAL_TIM_MspPostInit
 .text.HAL_UART_MspInit
                0x08001d40      0x148 ./Core/Src/stm32l4xx_hal_msp.o
                0x08001d40                HAL_UART_MspInit
 .text.HAL_PCD_MspInit
                0x08001e88      0x138 ./Core/Src/stm32l4xx_hal_msp.o
                0x08001e88                HAL_PCD_MspInit
 .text.HAL_InitTick
                0x08001fc0       0xf4 ./Core/Src/stm32l4xx_hal_timebase_tim.o
                0x08001fc0                HAL_InitTick
 .text.NMI_Handler
                0x080020b4        0x8 ./Core/Src/stm32l4xx_it.o
                0x080020b4                NMI_Handler
 .text.HardFault_Handler
                0x080020bc        0x8 ./Core/Src/stm32l4xx_it.o
                0x080020bc                HardFault_Handler
 .text.MemManage_Handler
                0x080020c4        0x8 ./Core/Src/stm32l4xx_it.o
                0x080020c4                MemManage_Handler
 .text.BusFault_Handler
                0x080020cc        0x8 ./Core/Src/stm32l4xx_it.o
                0x080020cc                BusFault_Handler
 .text.UsageFault_Handler
                0x080020d4        0x8 ./Core/Src/stm32l4xx_it.o
                0x080020d4                UsageFault_Handler
 .text.DebugMon_Handler
                0x080020dc        0xe ./Core/Src/stm32l4xx_it.o
                0x080020dc                DebugMon_Handler
 .text.EXTI9_5_IRQHandler
                0x080020ea       0x22 ./Core/Src/stm32l4xx_it.o
                0x080020ea                EXTI9_5_IRQHandler
 .text.EXTI15_10_IRQHandler
                0x0800210c       0x30 ./Core/Src/stm32l4xx_it.o
                0x0800210c                EXTI15_10_IRQHandler
 .text.TIM6_DAC_IRQHandler
                0x0800213c       0x14 ./Core/Src/stm32l4xx_it.o
                0x0800213c                TIM6_DAC_IRQHandler
 .text.EXTI1_IRQHandler
                0x08002150        0xe ./Core/Src/stm32l4xx_it.o
                0x08002150                EXTI1_IRQHandler
 *fill*         0x0800215e        0x2 
 .text.SPI3_IRQHandler
                0x08002160       0x14 ./Core/Src/stm32l4xx_it.o
                0x08002160                SPI3_IRQHandler
 .text._getpid  0x08002174       0x10 ./Core/Src/syscalls.o
                0x08002174                _getpid
 .text._kill    0x08002184       0x20 ./Core/Src/syscalls.o
                0x08002184                _kill
 .text._exit    0x080021a4       0x16 ./Core/Src/syscalls.o
                0x080021a4                _exit
 .text._read    0x080021ba       0x3a ./Core/Src/syscalls.o
                0x080021ba                _read
 .text._write   0x080021f4       0x38 ./Core/Src/syscalls.o
                0x080021f4                _write
 .text._close   0x0800222c       0x18 ./Core/Src/syscalls.o
                0x0800222c                _close
 .text._fstat   0x08002244       0x20 ./Core/Src/syscalls.o
                0x08002244                _fstat
 .text._isatty  0x08002264       0x16 ./Core/Src/syscalls.o
                0x08002264                _isatty
 .text._lseek   0x0800227a       0x1a ./Core/Src/syscalls.o
                0x0800227a                _lseek
 .text._sbrk    0x08002294       0x6c ./Core/Src/sysmem.o
                0x08002294                _sbrk
 .text.SystemInit
                0x08002300       0x24 ./Core/Src/system_stm32l4xx.o
                0x08002300                SystemInit
 .text.WiFi_HTTP_Init
                0x08002324       0xe4 ./Core/Src/wifi_http.o
                0x08002324                WiFi_HTTP_Init
 .text.http_post_ex
                0x08002408      0x220 ./Core/Src/wifi_http.o
 .text.http_post
                0x08002628       0x2e ./Core/Src/wifi_http.o
 *fill*         0x08002656        0x2 
 .text.WiFi_HTTP_PostRFID
                0x08002658       0xf8 ./Core/Src/wifi_http.o
                0x08002658                WiFi_HTTP_PostRFID
 .text.WiFi_HTTP_PostDoorbell
                0x08002750       0xbc ./Core/Src/wifi_http.o
                0x08002750                WiFi_HTTP_PostDoorbell
 .text.WiFi_HTTP_Poll
                0x0800280c      0x174 ./Core/Src/wifi_http.o
                0x0800280c                WiFi_HTTP_Poll
 .text.WiFi_HTTP_PostAck
                0x08002980       0x50 ./Core/Src/wifi_http.o
                0x08002980                WiFi_HTTP_PostAck
 .text.Reset_Handler
                0x080029d0       0x50 ./Core/Startup/startup_stm32l475vgtx.o
                0x080029d0                Reset_Handler
 .text.Default_Handler
                0x08002a20        0x2 ./Core/Startup/startup_stm32l475vgtx.o
                0x08002a20                RTC_Alarm_IRQHandler
                0x08002a20                EXTI2_IRQHandler
                0x08002a20                TIM8_TRG_COM_IRQHandler
                0x08002a20                TIM8_CC_IRQHandler
                0x08002a20                TIM1_CC_IRQHandler
                0x08002a20                TSC_IRQHandler
                0x08002a20                TAMP_STAMP_IRQHandler
                0x08002a20                EXTI3_IRQHandler
                0x08002a20                LPTIM2_IRQHandler
                0x08002a20                DFSDM1_FLT1_IRQHandler
                0x08002a20                I2C3_ER_IRQHandler
                0x08002a20                DFSDM1_FLT2_IRQHandler
                0x08002a20                EXTI0_IRQHandler
                0x08002a20                I2C2_EV_IRQHandler
                0x08002a20                CAN1_RX0_IRQHandler
                0x08002a20                FPU_IRQHandler
                0x08002a20                TIM1_UP_TIM16_IRQHandler
                0x08002a20                ADC1_2_IRQHandler
                0x08002a20                SPI1_IRQHandler
                0x08002a20                TIM8_UP_IRQHandler
                0x08002a20                DMA2_Channel2_IRQHandler
                0x08002a20                DMA1_Channel4_IRQHandler
                0x08002a20                SAI2_IRQHandler
                0x08002a20                DFSDM1_FLT3_IRQHandler
                0x08002a20                USART3_IRQHandler
                0x08002a20                DMA1_Channel7_IRQHandler
                0x08002a20                CAN1_RX1_IRQHandler
                0x08002a20                UART5_IRQHandler
                0x08002a20                ADC3_IRQHandler
                0x08002a20                TIM4_IRQHandler
                0x08002a20                DMA2_Channel1_IRQHandler
                0x08002a20                QUADSPI_IRQHandler
                0x08002a20                I2C1_EV_IRQHandler
                0x08002a20                DMA1_Channel6_IRQHandler
                0x08002a20                UART4_IRQHandler
                0x08002a20                DMA2_Channel4_IRQHandler
                0x08002a20                TIM3_IRQHandler
                0x08002a20                RCC_IRQHandler
                0x08002a20                DMA1_Channel1_IRQHandler
                0x08002a20                Default_Handler
                0x08002a20                DMA2_Channel7_IRQHandler
                0x08002a20                TIM7_IRQHandler
                0x08002a20                SDMMC1_IRQHandler
                0x08002a20                TIM5_IRQHandler
                0x08002a20                I2C3_EV_IRQHandler
                0x08002a20                RTC_WKUP_IRQHandler
                0x08002a20                PVD_PVM_IRQHandler
                0x08002a20                SPI2_IRQHandler
                0x08002a20                CAN1_TX_IRQHandler
                0x08002a20                DMA2_Channel5_IRQHandler
                0x08002a20                DMA1_Channel5_IRQHandler
                0x08002a20                EXTI4_IRQHandler
                0x08002a20                RNG_IRQHandler
                0x08002a20                TIM1_TRG_COM_TIM17_IRQHandler
                0x08002a20                DMA1_Channel3_IRQHandler
                0x08002a20                COMP_IRQHandler
                0x08002a20                WWDG_IRQHandler
                0x08002a20                LPUART1_IRQHandler
                0x08002a20                DMA2_Channel6_IRQHandler
                0x08002a20                TIM2_IRQHandler
                0x08002a20                USART2_IRQHandler
                0x08002a20                DFSDM1_FLT0_IRQHandler
                0x08002a20                I2C2_ER_IRQHandler
                0x08002a20                DMA1_Channel2_IRQHandler
                0x08002a20                TIM8_BRK_IRQHandler
                0x08002a20                CAN1_SCE_IRQHandler
                0x08002a20                FLASH_IRQHandler
                0x08002a20                USART1_IRQHandler
                0x08002a20                OTG_FS_IRQHandler
                0x08002a20                I2C1_ER_IRQHandler
                0x08002a20                FMC_IRQHandler
                0x08002a20                SWPMI1_IRQHandler
                0x08002a20                LPTIM1_IRQHandler
                0x08002a20                SAI1_IRQHandler
                0x08002a20                DMA2_Channel3_IRQHandler
                0x08002a20                TIM1_BRK_TIM15_IRQHandler
 .text.HAL_Init
                0x08002a22       0x30 ./Drivers/STM32L4xx_HAL_Driver/Src/stm32l4xx_hal.o
                0x08002a22                HAL_Init
 *fill*         0x08002a52        0x2 
 .text.HAL_IncTick
                0x08002a54       0x28 ./Drivers/STM32L4xx_HAL_Driver/Src/stm32l4xx_hal.o
                0x08002a54                HAL_IncTick
 .text.HAL_GetTick
                0x08002a7c       0x18 ./Drivers/STM32L4xx_HAL_Driver/Src/stm32l4xx_hal.o
                0x08002a7c                HAL_GetTick
 .text.HAL_Delay
                0x08002a94       0x48 ./Drivers/STM32L4xx_HAL_Driver/Src/stm32l4xx_hal.o
                0x08002a94                HAL_Delay
 .text.__NVIC_SetPriorityGrouping
                0x08002adc       0x48 ./Drivers/STM32L4xx_HAL_Driver/Src/stm32l4xx_hal_cortex.o
 .text.__NVIC_GetPriorityGrouping
                0x08002b24       0x1c ./Drivers/STM32L4xx_HAL_Driver/Src/stm32l4xx_hal_cortex.o
 .text.__NVIC_EnableIRQ
                0x08002b40       0x3c ./Drivers/STM32L4xx_HAL_Driver/Src/stm32l4xx_hal_cortex.o
 .text.__NVIC_SetPriority
                0x08002b7c       0x54 ./Drivers/STM32L4xx_HAL_Driver/Src/stm32l4xx_hal_cortex.o
 .text.NVIC_EncodePriority
                0x08002bd0       0x66 ./Drivers/STM32L4xx_HAL_Driver/Src/stm32l4xx_hal_cortex.o
 .text.HAL_NVIC_SetPriorityGrouping
                0x08002c36       0x16 ./Drivers/STM32L4xx_HAL_Driver/Src/stm32l4xx_hal_cortex.o
                0x08002c36                HAL_NVIC_SetPriorityGrouping
 .text.HAL_NVIC_SetPriority
                0x08002c4c       0x38 ./Drivers/STM32L4xx_HAL_Driver/Src/stm32l4xx_hal_cortex.o
                0x08002c4c                HAL_NVIC_SetPriority
 .text.HAL_NVIC_EnableIRQ
                0x08002c84       0x1c ./Drivers/STM32L4xx_HAL_Driver/Src/stm32l4xx_hal_cortex.o
                0x08002c84                HAL_NVIC_EnableIRQ
 .text.HAL_DFSDM_ChannelInit
                0x08002ca0      0x180 ./Drivers/STM32L4xx_HAL_Driver/Src/stm32l4xx_hal_dfsdm.o
                0x08002ca0                HAL_DFSDM_ChannelInit
 .text.DFSDM_GetChannelFromInstance
                0x08002e20       0x98 ./Drivers/STM32L4xx_HAL_Driver/Src/stm32l4xx_hal_dfsdm.o
 .text.HAL_DMA_Abort_IT
                0x08002eb8       0x82 ./Drivers/STM32L4xx_HAL_Driver/Src/stm32l4xx_hal_dma.o
                0x08002eb8                HAL_DMA_Abort_IT
 *fill*         0x08002f3a        0x2 
 .text.HAL_GPIO_Init
                0x08002f3c      0x354 ./Drivers/STM32L4xx_HAL_Driver/Src/stm32l4xx_hal_gpio.o
                0x08002f3c                HAL_GPIO_Init
 .text.HAL_GPIO_DeInit
                0x08003290      0x1e8 ./Drivers/STM32L4xx_HAL_Driver/Src/stm32l4xx_hal_gpio.o
                0x08003290                HAL_GPIO_DeInit
 .text.HAL_GPIO_ReadPin
                0x08003478       0x30 ./Drivers/STM32L4xx_HAL_Driver/Src/stm32l4xx_hal_gpio.o
                0x08003478                HAL_GPIO_ReadPin
 .text.HAL_GPIO_WritePin
                0x080034a8       0x30 ./Drivers/STM32L4xx_HAL_Driver/Src/stm32l4xx_hal_gpio.o
                0x080034a8                HAL_GPIO_WritePin
 .text.HAL_GPIO_EXTI_IRQHandler
                0x080034d8       0x30 ./Drivers/STM32L4xx_HAL_Driver/Src/stm32l4xx_hal_gpio.o
                0x080034d8                HAL_GPIO_EXTI_IRQHandler
 .text.HAL_I2C_Init
                0x08003508      0x136 ./Drivers/STM32L4xx_HAL_Driver/Src/stm32l4xx_hal_i2c.o
                0x08003508                HAL_I2C_Init
 .text.HAL_I2CEx_ConfigAnalogFilter
                0x0800363e       0x96 ./Drivers/STM32L4xx_HAL_Driver/Src/stm32l4xx_hal_i2c_ex.o
                0x0800363e                HAL_I2CEx_ConfigAnalogFilter
 .text.HAL_I2CEx_ConfigDigitalFilter
                0x080036d4       0x98 ./Drivers/STM32L4xx_HAL_Driver/Src/stm32l4xx_hal_i2c_ex.o
                0x080036d4                HAL_I2CEx_ConfigDigitalFilter
 .text.HAL_PCD_Init
                0x0800376c      0x21e ./Drivers/STM32L4xx_HAL_Driver/Src/stm32l4xx_hal_pcd.o
                0x0800376c                HAL_PCD_Init
 .text.HAL_PCDEx_ActivateLPM
                0x0800398a       0x48 ./Drivers/STM32L4xx_HAL_Driver/Src/stm32l4xx_hal_pcd_ex.o
                0x0800398a                HAL_PCDEx_ActivateLPM
 *fill*         0x080039d2        0x2 
 .text.HAL_PWR_EnableBkUpAccess
                0x080039d4       0x20 ./Drivers/STM32L4xx_HAL_Driver/Src/stm32l4xx_hal_pwr.o
                0x080039d4                HAL_PWR_EnableBkUpAccess
 .text.HAL_PWREx_GetVoltageRange
                0x080039f4       0x1c ./Drivers/STM32L4xx_HAL_Driver/Src/stm32l4xx_hal_pwr_ex.o
                0x080039f4                HAL_PWREx_GetVoltageRange
 .text.HAL_PWREx_ControlVoltageScaling
                0x08003a10       0xac ./Drivers/STM32L4xx_HAL_Driver/Src/stm32l4xx_hal_pwr_ex.o
                0x08003a10                HAL_PWREx_ControlVoltageScaling
 .text.HAL_PWREx_EnableVddUSB
                0x08003abc       0x20 ./Drivers/STM32L4xx_HAL_Driver/Src/stm32l4xx_hal_pwr_ex.o
                0x08003abc                HAL_PWREx_EnableVddUSB
 .text.HAL_QSPI_Init
                0x08003adc       0xec ./Drivers/STM32L4xx_HAL_Driver/Src/stm32l4xx_hal_qspi.o
                0x08003adc                HAL_QSPI_Init
 .text.HAL_QSPI_SetTimeout
                0x08003bc8       0x1c ./Drivers/STM32L4xx_HAL_Driver/Src/stm32l4xx_hal_qspi.o
                0x08003bc8                HAL_QSPI_SetTimeout
 .text.QSPI_WaitFlagStateUntilTimeout
                0x08003be4       0x6e ./Drivers/STM32L4xx_HAL_Driver/Src/stm32l4xx_hal_qspi.o
 *fill*         0x08003c52        0x2 
 .text.HAL_RCC_OscConfig
                0x08003c54      0x7b8 ./Drivers/STM32L4xx_HAL_Driver/Src/stm32l4xx_hal_rcc.o
                0x08003c54                HAL_RCC_OscConfig
 .text.HAL_RCC_ClockConfig
                0x0800440c      0x200 ./Drivers/STM32L4xx_HAL_Driver/Src/stm32l4xx_hal_rcc.o
                0x0800440c                HAL_RCC_ClockConfig
 .text.HAL_RCC_GetSysClockFreq
                0x0800460c      0x118 ./Drivers/STM32L4xx_HAL_Driver/Src/stm32l4xx_hal_rcc.o
                0x0800460c                HAL_RCC_GetSysClockFreq
 .text.HAL_RCC_GetHCLKFreq
                0x08004724       0x18 ./Drivers/STM32L4xx_HAL_Driver/Src/stm32l4xx_hal_rcc.o
                0x08004724                HAL_RCC_GetHCLKFreq
 .text.HAL_RCC_GetPCLK1Freq
                0x0800473c       0x2c ./Drivers/STM32L4xx_HAL_Driver/Src/stm32l4xx_hal_rcc.o
                0x0800473c                HAL_RCC_GetPCLK1Freq
 .text.HAL_RCC_GetPCLK2Freq
                0x08004768       0x2c ./Drivers/STM32L4xx_HAL_Driver/Src/stm32l4xx_hal_rcc.o
                0x08004768                HAL_RCC_GetPCLK2Freq
 .text.HAL_RCC_GetClockConfig
                0x08004794       0x64 ./Drivers/STM32L4xx_HAL_Driver/Src/stm32l4xx_hal_rcc.o
                0x08004794                HAL_RCC_GetClockConfig
 .text.RCC_SetFlashLatencyFromMSIRange
                0x080047f8       0xc0 ./Drivers/STM32L4xx_HAL_Driver/Src/stm32l4xx_hal_rcc.o
 .text.HAL_RCCEx_PeriphCLKConfig
                0x080048b8      0x5d4 ./Drivers/STM32L4xx_HAL_Driver/Src/stm32l4xx_hal_rcc_ex.o
                0x080048b8                HAL_RCCEx_PeriphCLKConfig
 .text.HAL_RCCEx_EnableMSIPLLMode
                0x08004e8c       0x20 ./Drivers/STM32L4xx_HAL_Driver/Src/stm32l4xx_hal_rcc_ex.o
                0x08004e8c                HAL_RCCEx_EnableMSIPLLMode
 .text.RCCEx_PLLSAI1_Config
                0x08004eac      0x1e8 ./Drivers/STM32L4xx_HAL_Driver/Src/stm32l4xx_hal_rcc_ex.o
 .text.RCCEx_PLLSAI2_Config
                0x08005094      0x1bc ./Drivers/STM32L4xx_HAL_Driver/Src/stm32l4xx_hal_rcc_ex.o
 .text.HAL_SPI_Init
                0x08005250      0x146 ./Drivers/STM32L4xx_HAL_Driver/Src/stm32l4xx_hal_spi.o
                0x08005250                HAL_SPI_Init
 .text.HAL_SPI_DeInit
                0x08005396       0x50 ./Drivers/STM32L4xx_HAL_Driver/Src/stm32l4xx_hal_spi.o
                0x08005396                HAL_SPI_DeInit
 .text.HAL_SPI_Transmit
                0x080053e6      0x2ec ./Drivers/STM32L4xx_HAL_Driver/Src/stm32l4xx_hal_spi.o
                0x080053e6                HAL_SPI_Transmit
 .text.HAL_SPI_Receive
                0x080056d2      0x270 ./Drivers/STM32L4xx_HAL_Driver/Src/stm32l4xx_hal_spi.o
                0x080056d2                HAL_SPI_Receive
 .text.HAL_SPI_TransmitReceive
                0x08005942      0x43e ./Drivers/STM32L4xx_HAL_Driver/Src/stm32l4xx_hal_spi.o
                0x08005942                HAL_SPI_TransmitReceive
 .text.HAL_SPI_Transmit_IT
                0x08005d80      0x110 ./Drivers/STM32L4xx_HAL_Driver/Src/stm32l4xx_hal_spi.o
                0x08005d80                HAL_SPI_Transmit_IT
 .text.HAL_SPI_Receive_IT
                0x08005e90      0x154 ./Drivers/STM32L4xx_HAL_Driver/Src/stm32l4xx_hal_spi.o
                0x08005e90                HAL_SPI_Receive_IT
 .text.HAL_SPI_TransmitReceive_IT
                0x08005fe4      0x154 ./Drivers/STM32L4xx_HAL_Driver/Src/stm32l4xx_hal_spi.o
                0x08005fe4                HAL_SPI_TransmitReceive_IT
 .text.HAL_SPI_IRQHandler
                0x08006138      0x200 ./Drivers/STM32L4xx_HAL_Driver/Src/stm32l4xx_hal_spi.o
                0x08006138                HAL_SPI_IRQHandler
 .text.HAL_SPI_TxRxCpltCallback
                0x08006338       0x14 ./Drivers/STM32L4xx_HAL_Driver/Src/stm32l4xx_hal_spi.o
                0x08006338                HAL_SPI_TxRxCpltCallback
 .text.HAL_SPI_ErrorCallback
                0x0800634c       0x14 ./Drivers/STM32L4xx_HAL_Driver/Src/stm32l4xx_hal_spi.o
                0x0800634c                HAL_SPI_ErrorCallback
 .text.SPI_DMAAbortOnError
                0x08006360       0x2a ./Drivers/STM32L4xx_HAL_Driver/Src/stm32l4xx_hal_spi.o
 .text.SPI_2linesRxISR_8BIT
                0x0800638a       0xbe ./Drivers/STM32L4xx_HAL_Driver/Src/stm32l4xx_hal_spi.o
 .text.SPI_2linesTxISR_8BIT
                0x08006448       0x92 ./Drivers/STM32L4xx_HAL_Driver/Src/stm32l4xx_hal_spi.o
 .text.SPI_2linesRxISR_16BIT
                0x080064da       0x66 ./Drivers/STM32L4xx_HAL_Driver/Src/stm32l4xx_hal_spi.o
 .text.SPI_2linesTxISR_16BIT
                0x08006540       0x60 ./Drivers/STM32L4xx_HAL_Driver/Src/stm32l4xx_hal_spi.o
 .text.SPI_RxISR_8BIT
                0x080065a0       0x50 ./Drivers/STM32L4xx_HAL_Driver/Src/stm32l4xx_hal_spi.o
 .text.SPI_RxISR_16BIT
                0x080065f0       0x4c ./Drivers/STM32L4xx_HAL_Driver/Src/stm32l4xx_hal_spi.o
 .text.SPI_TxISR_8BIT
                0x0800663c       0x46 ./Drivers/STM32L4xx_HAL_Driver/Src/stm32l4xx_hal_spi.o
 .text.SPI_TxISR_16BIT
                0x08006682       0x44 ./Drivers/STM32L4xx_HAL_Driver/Src/stm32l4xx_hal_spi.o
 *fill*         0x080066c6        0x2 
 .text.SPI_WaitFlagStateUntilTimeout
                0x080066c8      0x110 ./Drivers/STM32L4xx_HAL_Driver/Src/stm32l4xx_hal_spi.o
 .text.SPI_WaitFifoStateUntilTimeout
                0x080067d8      0x12c ./Drivers/STM32L4xx_HAL_Driver/Src/stm32l4xx_hal_spi.o
 .text.SPI_EndRxTransaction
                0x08006904       0xb0 ./Drivers/STM32L4xx_HAL_Driver/Src/stm32l4xx_hal_spi.o
 .text.SPI_EndRxTxTransaction
                0x080069b4       0x8c ./Drivers/STM32L4xx_HAL_Driver/Src/stm32l4xx_hal_spi.o
 .text.SPI_CloseRxTx_ISR
                0x08006a40       0x84 ./Drivers/STM32L4xx_HAL_Driver/Src/stm32l4xx_hal_spi.o
 .text.SPI_CloseRx_ISR
                0x08006ac4       0x60 ./Drivers/STM32L4xx_HAL_Driver/Src/stm32l4xx_hal_spi.o
 .text.SPI_CloseTx_ISR
                0x08006b24       0x7e ./Drivers/STM32L4xx_HAL_Driver/Src/stm32l4xx_hal_spi.o
 .text.HAL_TIM_Base_Init
                0x08006ba2       0xae ./Drivers/STM32L4xx_HAL_Driver/Src/stm32l4xx_hal_tim.o
                0x08006ba2                HAL_TIM_Base_Init
 .text.HAL_TIM_Base_MspInit
                0x08006c50       0x14 ./Drivers/STM32L4xx_HAL_Driver/Src/stm32l4xx_hal_tim.o
                0x08006c50                HAL_TIM_Base_MspInit
 .text.HAL_TIM_Base_Start_IT
                0x08006c64       0xe0 ./Drivers/STM32L4xx_HAL_Driver/Src/stm32l4xx_hal_tim.o
                0x08006c64                HAL_TIM_Base_Start_IT
 .text.HAL_TIM_PWM_Init
                0x08006d44       0xae ./Drivers/STM32L4xx_HAL_Driver/Src/stm32l4xx_hal_tim.o
                0x08006d44                HAL_TIM_PWM_Init
 *fill*         0x08006df2        0x2 
 .text.HAL_TIM_PWM_Start
                0x08006df4      0x20c ./Drivers/STM32L4xx_HAL_Driver/Src/stm32l4xx_hal_tim.o
                0x08006df4                HAL_TIM_PWM_Start
 .text.HAL_TIM_IRQHandler
                0x08007000      0x20e ./Drivers/STM32L4xx_HAL_Driver/Src/stm32l4xx_hal_tim.o
                0x08007000                HAL_TIM_IRQHandler
 *fill*         0x0800720e        0x2 
 .text.HAL_TIM_PWM_ConfigChannel
                0x08007210      0x228 ./Drivers/STM32L4xx_HAL_Driver/Src/stm32l4xx_hal_tim.o
                0x08007210                HAL_TIM_PWM_ConfigChannel
 .text.HAL_TIM_OC_DelayElapsedCallback
                0x08007438       0x14 ./Drivers/STM32L4xx_HAL_Driver/Src/stm32l4xx_hal_tim.o
                0x08007438                HAL_TIM_OC_DelayElapsedCallback
 .text.HAL_TIM_IC_CaptureCallback
                0x0800744c       0x14 ./Drivers/STM32L4xx_HAL_Driver/Src/stm32l4xx_hal_tim.o
                0x0800744c                HAL_TIM_IC_CaptureCallback
 .text.HAL_TIM_PWM_PulseFinishedCallback
                0x08007460       0x14 ./Drivers/STM32L4xx_HAL_Driver/Src/stm32l4xx_hal_tim.o
                0x08007460                HAL_TIM_PWM_PulseFinishedCallback
 .text.HAL_TIM_TriggerCallback
                0x08007474       0x14 ./Drivers/STM32L4xx_HAL_Driver/Src/stm32l4xx_hal_tim.o
                0x08007474                HAL_TIM_TriggerCallback
 .text.TIM_Base_SetConfig
                0x08007488      0x14c ./Drivers/STM32L4xx_HAL_Driver/Src/stm32l4xx_hal_tim.o
                0x08007488                TIM_Base_SetConfig
 .text.TIM_OC1_SetConfig
                0x080075d4      0x120 ./Drivers/STM32L4xx_HAL_Driver/Src/stm32l4xx_hal_tim.o
 .text.TIM_OC2_SetConfig
                0x080076f4      0x114 ./Drivers/STM32L4xx_HAL_Driver/Src/stm32l4xx_hal_tim.o
                0x080076f4                TIM_OC2_SetConfig
 .text.TIM_OC3_SetConfig
                0x08007808      0x110 ./Drivers/STM32L4xx_HAL_Driver/Src/stm32l4xx_hal_tim.o
 .text.TIM_OC4_SetConfig
                0x08007918       0xd4 ./Drivers/STM32L4xx_HAL_Driver/Src/stm32l4xx_hal_tim.o
 .text.TIM_OC5_SetConfig
                0x080079ec       0xc8 ./Drivers/STM32L4xx_HAL_Driver/Src/stm32l4xx_hal_tim.o
 .text.TIM_OC6_SetConfig
                0x08007ab4       0xcc ./Drivers/STM32L4xx_HAL_Driver/Src/stm32l4xx_hal_tim.o
 .text.TIM_CCxChannelCmd
                0x08007b80       0x4a ./Drivers/STM32L4xx_HAL_Driver/Src/stm32l4xx_hal_tim.o
                0x08007b80                TIM_CCxChannelCmd
 *fill*         0x08007bca        0x2 
 .text.HAL_TIMEx_MasterConfigSynchronization
                0x08007bcc      0x110 ./Drivers/STM32L4xx_HAL_Driver/Src/stm32l4xx_hal_tim_ex.o
                0x08007bcc                HAL_TIMEx_MasterConfigSynchronization
 .text.HAL_TIMEx_CommutCallback
                0x08007cdc       0x14 ./Drivers/STM32L4xx_HAL_Driver/Src/stm32l4xx_hal_tim_ex.o
                0x08007cdc                HAL_TIMEx_CommutCallback
 .text.HAL_TIMEx_BreakCallback
                0x08007cf0       0x14 ./Drivers/STM32L4xx_HAL_Driver/Src/stm32l4xx_hal_tim_ex.o
                0x08007cf0                HAL_TIMEx_BreakCallback
 .text.HAL_TIMEx_Break2Callback
                0x08007d04       0x14 ./Drivers/STM32L4xx_HAL_Driver/Src/stm32l4xx_hal_tim_ex.o
                0x08007d04                HAL_TIMEx_Break2Callback
 .text.HAL_UART_Init
                0x08007d18       0x9c ./Drivers/STM32L4xx_HAL_Driver/Src/stm32l4xx_hal_uart.o
                0x08007d18                HAL_UART_Init
 .text.HAL_UART_Transmit
                0x08007db4      0x112 ./Drivers/STM32L4xx_HAL_Driver/Src/stm32l4xx_hal_uart.o
                0x08007db4                HAL_UART_Transmit
 *fill*         0x08007ec6        0x2 
 .text.UART_SetConfig
                0x08007ec8      0x570 ./Drivers/STM32L4xx_HAL_Driver/Src/stm32l4xx_hal_uart.o
                0x08007ec8                UART_SetConfig
 .text.UART_AdvFeatureConfig
                0x08008438      0x144 ./Drivers/STM32L4xx_HAL_Driver/Src/stm32l4xx_hal_uart.o
                0x08008438                UART_AdvFeatureConfig
 .text.UART_CheckIdleState
                0x0800857c      0x150 ./Drivers/STM32L4xx_HAL_Driver/Src/stm32l4xx_hal_uart.o
                0x0800857c                UART_CheckIdleState
 .text.UART_WaitOnFlagUntilTimeout
                0x080086cc       0xda ./Drivers/STM32L4xx_HAL_Driver/Src/stm32l4xx_hal_uart.o
                0x080086cc                UART_WaitOnFlagUntilTimeout
 .text.UART_EndRxTransfer
                0x080087a6       0xc8 ./Drivers/STM32L4xx_HAL_Driver/Src/stm32l4xx_hal_uart.o
 .text.USB_CoreInit
                0x0800886e       0x5a ./Drivers/STM32L4xx_HAL_Driver/Src/stm32l4xx_ll_usb.o
                0x0800886e                USB_CoreInit
 .text.USB_DisableGlobalInt
                0x080088c8       0x22 ./Drivers/STM32L4xx_HAL_Driver/Src/stm32l4xx_ll_usb.o
                0x080088c8                USB_DisableGlobalInt
 .text.USB_SetCurrentMode
                0x080088ea       0x98 ./Drivers/STM32L4xx_HAL_Driver/Src/stm32l4xx_ll_usb.o
                0x080088ea                USB_SetCurrentMode
 *fill*         0x08008982        0x2 
 .text.USB_DevInit
                0x08008984      0x290 ./Drivers/STM32L4xx_HAL_Driver/Src/stm32l4xx_ll_usb.o
                0x08008984                USB_DevInit
 .text.USB_FlushTxFifo
                0x08008c14       0x64 ./Drivers/STM32L4xx_HAL_Driver/Src/stm32l4xx_ll_usb.o
                0x08008c14                USB_FlushTxFifo
 .text.USB_FlushRxFifo
                0x08008c78       0x5c ./Drivers/STM32L4xx_HAL_Driver/Src/stm32l4xx_ll_usb.o
                0x08008c78                USB_FlushRxFifo
 .text.USB_SetDevSpeed
                0x08008cd4       0x32 ./Drivers/STM32L4xx_HAL_Driver/Src/stm32l4xx_ll_usb.o
                0x08008cd4                USB_SetDevSpeed
 .text.USB_DevDisconnect
                0x08008d06       0x42 ./Drivers/STM32L4xx_HAL_Driver/Src/stm32l4xx_ll_usb.o
                0x08008d06                USB_DevDisconnect
 .text.USB_GetMode
                0x08008d48       0x1c ./Drivers/STM32L4xx_HAL_Driver/Src/stm32l4xx_ll_usb.o
                0x08008d48                USB_GetMode
 .text.USB_CoreReset
                0x08008d64       0x62 ./Drivers/STM32L4xx_HAL_Driver/Src/stm32l4xx_ll_usb.o
 *fill*         0x08008dc6        0x2 
 .text.__NVIC_SetPriority
                0x08008dc8       0x54 ./Middlewares/Third_Party/FreeRTOS/Source/CMSIS_RTOS_V2/cmsis_os2.o
 .text.SysTick_Handler
                0x08008e1c       0x20 ./Middlewares/Third_Party/FreeRTOS/Source/CMSIS_RTOS_V2/cmsis_os2.o
                0x08008e1c                SysTick_Handler
 .text.SVC_Setup
                0x08008e3c       0x12 ./Middlewares/Third_Party/FreeRTOS/Source/CMSIS_RTOS_V2/cmsis_os2.o
 *fill*         0x08008e4e        0x2 
 .text.osKernelInitialize
                0x08008e50       0x48 ./Middlewares/Third_Party/FreeRTOS/Source/CMSIS_RTOS_V2/cmsis_os2.o
                0x08008e50                osKernelInitialize
 .text.osKernelStart
                0x08008e98       0x4c ./Middlewares/Third_Party/FreeRTOS/Source/CMSIS_RTOS_V2/cmsis_os2.o
                0x08008e98                osKernelStart
 .text.osThreadNew
                0x08008ee4      0x124 ./Middlewares/Third_Party/FreeRTOS/Source/CMSIS_RTOS_V2/cmsis_os2.o
                0x08008ee4                osThreadNew
 .text.osThreadExit
                0x08009008        0xe ./Middlewares/Third_Party/FreeRTOS/Source/CMSIS_RTOS_V2/cmsis_os2.o
                0x08009008                osThreadExit
 .text.osDelay  0x08009016       0x36 ./Middlewares/Third_Party/FreeRTOS/Source/CMSIS_RTOS_V2/cmsis_os2.o
                0x08009016                osDelay
 .text.osMutexNew
                0x0800904c      0x10c ./Middlewares/Third_Party/FreeRTOS/Source/CMSIS_RTOS_V2/cmsis_os2.o
                0x0800904c                osMutexNew
 .text.osMutexAcquire
                0x08009158       0x96 ./Middlewares/Third_Party/FreeRTOS/Source/CMSIS_RTOS_V2/cmsis_os2.o
                0x08009158                osMutexAcquire
 .text.osMutexRelease
                0x080091ee       0x7a ./Middlewares/Third_Party/FreeRTOS/Source/CMSIS_RTOS_V2/cmsis_os2.o
                0x080091ee                osMutexRelease
 .text.osMessageQueueNew
                0x08009268       0xe6 ./Middlewares/Third_Party/FreeRTOS/Source/CMSIS_RTOS_V2/cmsis_os2.o
                0x08009268                osMessageQueueNew
 *fill*         0x0800934e        0x2 
 .text.osMessageQueuePut
                0x08009350       0xc0 ./Middlewares/Third_Party/FreeRTOS/Source/CMSIS_RTOS_V2/cmsis_os2.o
                0x08009350                osMessageQueuePut
 .text.osMessageQueueGet
                0x08009410       0xbc ./Middlewares/Third_Party/FreeRTOS/Source/CMSIS_RTOS_V2/cmsis_os2.o
                0x08009410                osMessageQueueGet
 .text.osMessageQueueGetCount
                0x080094cc       0x40 ./Middlewares/Third_Party/FreeRTOS/Source/CMSIS_RTOS_V2/cmsis_os2.o
                0x080094cc                osMessageQueueGetCount
 .text.vApplicationGetIdleTaskMemory
                0x0800950c       0x34 ./Middlewares/Third_Party/FreeRTOS/Source/CMSIS_RTOS_V2/cmsis_os2.o
                0x0800950c                vApplicationGetIdleTaskMemory
 .text.vApplicationGetTimerTaskMemory
                0x08009540       0x34 ./Middlewares/Third_Party/FreeRTOS/Source/CMSIS_RTOS_V2/cmsis_os2.o
                0x08009540                vApplicationGetTimerTaskMemory
 .text.vListInitialise
                0x08009574       0x40 ./Middlewares/Third_Party/FreeRTOS/Source/list.o
                0x08009574                vListInitialise
 .text.vListInitialiseItem
                0x080095b4       0x1a ./Middlewares/Third_Party/FreeRTOS/Source/list.o
                0x080095b4                vListInitialiseItem
 .text.vListInsertEnd
                0x080095ce       0x48 ./Middlewares/Third_Party/FreeRTOS/Source/list.o
                0x080095ce                vListInsertEnd
 .text.vListInsert
                0x08009616       0x72 ./Middlewares/Third_Party/FreeRTOS/Source/list.o
                0x08009616                vListInsert
 .text.uxListRemove
                0x08009688       0x54 ./Middlewares/Third_Party/FreeRTOS/Source/list.o
                0x08009688                uxListRemove
 .text.xQueueGenericReset
                0x080096dc       0xd4 ./Middlewares/Third_Party/FreeRTOS/Source/queue.o
                0x080096dc                xQueueGenericReset
 .text.xQueueGenericCreateStatic
                0x080097b0       0xfa ./Middlewares/Third_Party/FreeRTOS/Source/queue.o
                0x080097b0                xQueueGenericCreateStatic
 .text.xQueueGenericCreate
                0x080098aa       0x76 ./Middlewares/Third_Party/FreeRTOS/Source/queue.o
                0x080098aa                xQueueGenericCreate
 .text.prvInitialiseNewQueue
                0x08009920       0x46 ./Middlewares/Third_Party/FreeRTOS/Source/queue.o
 .text.prvInitialiseMutex
                0x08009966       0x34 ./Middlewares/Third_Party/FreeRTOS/Source/queue.o
 .text.xQueueCreateMutex
                0x0800999a       0x30 ./Middlewares/Third_Party/FreeRTOS/Source/queue.o
                0x0800999a                xQueueCreateMutex
 .text.xQueueCreateMutexStatic
                0x080099ca       0x36 ./Middlewares/Third_Party/FreeRTOS/Source/queue.o
                0x080099ca                xQueueCreateMutexStatic
 .text.xQueueGiveMutexRecursive
                0x08009a00       0x6a ./Middlewares/Third_Party/FreeRTOS/Source/queue.o
                0x08009a00                xQueueGiveMutexRecursive
 .text.xQueueTakeMutexRecursive
                0x08009a6a       0x6e ./Middlewares/Third_Party/FreeRTOS/Source/queue.o
                0x08009a6a                xQueueTakeMutexRecursive
 .text.xQueueGenericSend
                0x08009ad8      0x204 ./Middlewares/Third_Party/FreeRTOS/Source/queue.o
                0x08009ad8                xQueueGenericSend
 .text.xQueueGenericSendFromISR
                0x08009cdc      0x13c ./Middlewares/Third_Party/FreeRTOS/Source/queue.o
                0x08009cdc                xQueueGenericSendFromISR
 .text.xQueueReceive
                0x08009e18      0x1c4 ./Middlewares/Third_Party/FreeRTOS/Source/queue.o
                0x08009e18                xQueueReceive
 .text.xQueueSemaphoreTake
                0x08009fdc      0x220 ./Middlewares/Third_Party/FreeRTOS/Source/queue.o
                0x08009fdc                xQueueSemaphoreTake
 .text.xQueueReceiveFromISR
                0x0800a1fc      0x104 ./Middlewares/Third_Party/FreeRTOS/Source/queue.o
                0x0800a1fc                xQueueReceiveFromISR
 .text.uxQueueMessagesWaiting
                0x0800a300       0x3e ./Middlewares/Third_Party/FreeRTOS/Source/queue.o
                0x0800a300                uxQueueMessagesWaiting
 .text.uxQueueMessagesWaitingFromISR
                0x0800a33e       0x3e ./Middlewares/Third_Party/FreeRTOS/Source/queue.o
                0x0800a33e                uxQueueMessagesWaitingFromISR
 .text.prvGetDisinheritPriorityAfterTimeout
                0x0800a37c       0x30 ./Middlewares/Third_Party/FreeRTOS/Source/queue.o
 .text.prvCopyDataToQueue
                0x0800a3ac       0xd4 ./Middlewares/Third_Party/FreeRTOS/Source/queue.o
 .text.prvCopyDataFromQueue
                0x0800a480       0x4c ./Middlewares/Third_Party/FreeRTOS/Source/queue.o
 .text.prvUnlockQueue
                0x0800a4cc       0xa4 ./Middlewares/Third_Party/FreeRTOS/Source/queue.o
 .text.prvIsQueueEmpty
                0x0800a570       0x2c ./Middlewares/Third_Party/FreeRTOS/Source/queue.o
 .text.prvIsQueueFull
                0x0800a59c       0x30 ./Middlewares/Third_Party/FreeRTOS/Source/queue.o
 .text.vQueueAddToRegistry
                0x0800a5cc       0x54 ./Middlewares/Third_Party/FreeRTOS/Source/queue.o
                0x0800a5cc                vQueueAddToRegistry
 .text.vQueueWaitForMessageRestricted
                0x0800a620       0x68 ./Middlewares/Third_Party/FreeRTOS/Source/queue.o
                0x0800a620                vQueueWaitForMessageRestricted
 .text.xTaskCreateStatic
                0x0800a688       0xc0 ./Middlewares/Third_Party/FreeRTOS/Source/tasks.o
                0x0800a688                xTaskCreateStatic
 .text.xTaskCreate
                0x0800a748       0x8a ./Middlewares/Third_Party/FreeRTOS/Source/tasks.o
                0x0800a748                xTaskCreate
 .text.prvInitialiseNewTask
                0x0800a7d2      0x120 ./Middlewares/Third_Party/FreeRTOS/Source/tasks.o
 *fill*         0x0800a8f2        0x2 
 .text.prvAddNewTaskToReadyList
                0x0800a8f4       0xe0 ./Middlewares/Third_Party/FreeRTOS/Source/tasks.o
 .text.vTaskDelete
                0x0800a9d4       0xe8 ./Middlewares/Third_Party/FreeRTOS/Source/tasks.o
                0x0800a9d4                vTaskDelete
 .text.vTaskDelay
                0x0800aabc       0x6c ./Middlewares/Third_Party/FreeRTOS/Source/tasks.o
                0x0800aabc                vTaskDelay
 .text.vTaskStartScheduler
                0x0800ab28       0xd0 ./Middlewares/Third_Party/FreeRTOS/Source/tasks.o
                0x0800ab28                vTaskStartScheduler
 .text.vTaskSuspendAll
                0x0800abf8       0x1c ./Middlewares/Third_Party/FreeRTOS/Source/tasks.o
                0x0800abf8                vTaskSuspendAll
 .text.xTaskResumeAll
                0x0800ac14      0x13c ./Middlewares/Third_Party/FreeRTOS/Source/tasks.o
                0x0800ac14                xTaskResumeAll
 .text.xTaskGetTickCount
                0x0800ad50       0x20 ./Middlewares/Third_Party/FreeRTOS/Source/tasks.o
                0x0800ad50                xTaskGetTickCount
 .text.xTaskIncrementTick
                0x0800ad70      0x174 ./Middlewares/Third_Party/FreeRTOS/Source/tasks.o
                0x0800ad70                xTaskIncrementTick
 .text.vTaskSwitchContext
                0x0800aee4       0xbc ./Middlewares/Third_Party/FreeRTOS/Source/tasks.o
                0x0800aee4                vTaskSwitchContext
 .text.vTaskPlaceOnEventList
                0x0800afa0       0x4c ./Middlewares/Third_Party/FreeRTOS/Source/tasks.o
                0x0800afa0                vTaskPlaceOnEventList
 .text.vTaskPlaceOnEventListRestricted
                0x0800afec       0x58 ./Middlewares/Third_Party/FreeRTOS/Source/tasks.o
                0x0800afec                vTaskPlaceOnEventListRestricted
 .text.xTaskRemoveFromEventList
                0x0800b044       0xc8 ./Middlewares/Third_Party/FreeRTOS/Source/tasks.o
                0x0800b044                xTaskRemoveFromEventList
 .text.vTaskInternalSetTimeOutState
                0x0800b10c       0x2c ./Middlewares/Third_Party/FreeRTOS/Source/tasks.o
                0x0800b10c                vTaskInternalSetTimeOutState
 .text.xTaskCheckForTimeOut
                0x0800b138       0xc8 ./Middlewares/Third_Party/FreeRTOS/Source/tasks.o
                0x0800b138                xTaskCheckForTimeOut
 .text.vTaskMissedYield
                0x0800b200       0x18 ./Middlewares/Third_Party/FreeRTOS/Source/tasks.o
                0x0800b200                vTaskMissedYield
 .text.prvIdleTask
                0x0800b218       0x30 ./Middlewares/Third_Party/FreeRTOS/Source/tasks.o
 .text.prvInitialiseTaskLists
                0x0800b248       0x80 ./Middlewares/Third_Party/FreeRTOS/Source/tasks.o
 .text.prvCheckTasksWaitingTermination
                0x0800b2c8       0x5c ./Middlewares/Third_Party/FreeRTOS/Source/tasks.o
 .text.prvDeleteTCB
                0x0800b324       0x60 ./Middlewares/Third_Party/FreeRTOS/Source/tasks.o
 .text.prvResetNextTaskUnblockTime
                0x0800b384       0x40 ./Middlewares/Third_Party/FreeRTOS/Source/tasks.o
 .text.xTaskGetCurrentTaskHandle
                0x0800b3c4       0x20 ./Middlewares/Third_Party/FreeRTOS/Source/tasks.o
                0x0800b3c4                xTaskGetCurrentTaskHandle
 .text.xTaskGetSchedulerState
                0x0800b3e4       0x3c ./Middlewares/Third_Party/FreeRTOS/Source/tasks.o
                0x0800b3e4                xTaskGetSchedulerState
 .text.xTaskPriorityInherit
                0x0800b420       0xd0 ./Middlewares/Third_Party/FreeRTOS/Source/tasks.o
                0x0800b420                xTaskPriorityInherit
 .text.xTaskPriorityDisinherit
                0x0800b4f0       0xe0 ./Middlewares/Third_Party/FreeRTOS/Source/tasks.o
                0x0800b4f0                xTaskPriorityDisinherit
 .text.vTaskPriorityDisinheritAfterTimeout
                0x0800b5d0      0x108 ./Middlewares/Third_Party/FreeRTOS/Source/tasks.o
                0x0800b5d0                vTaskPriorityDisinheritAfterTimeout
 .text.pvTaskIncrementMutexHeldCount
                0x0800b6d8       0x28 ./Middlewares/Third_Party/FreeRTOS/Source/tasks.o
                0x0800b6d8                pvTaskIncrementMutexHeldCount
 .text.prvAddCurrentTaskToDelayedList
                0x0800b700       0xa8 ./Middlewares/Third_Party/FreeRTOS/Source/tasks.o
 .text.xTimerCreateTimerTask
                0x0800b7a8       0x94 ./Middlewares/Third_Party/FreeRTOS/Source/timers.o
                0x0800b7a8                xTimerCreateTimerTask
 .text.xTimerGenericCommand
                0x0800b83c       0x9c ./Middlewares/Third_Party/FreeRTOS/Source/timers.o
                0x0800b83c                xTimerGenericCommand
 .text.prvProcessExpiredTimer
                0x0800b8d8       0x9c ./Middlewares/Third_Party/FreeRTOS/Source/timers.o
 .text.prvTimerTask
                0x0800b974       0x26 ./Middlewares/Third_Party/FreeRTOS/Source/timers.o
 *fill*         0x0800b99a        0x2 
 .text.prvProcessTimerOrBlockTask
                0x0800b99c       0x9c ./Middlewares/Third_Party/FreeRTOS/Source/timers.o
 .text.prvGetNextExpireTime
                0x0800ba38       0x48 ./Middlewares/Third_Party/FreeRTOS/Source/timers.o
 .text.prvSampleTimeNow
                0x0800ba80       0x40 ./Middlewares/Third_Party/FreeRTOS/Source/timers.o
 .text.prvInsertTimerInActiveList
                0x0800bac0       0x84 ./Middlewares/Third_Party/FreeRTOS/Source/timers.o
 .text.prvProcessReceivedCommands
                0x0800bb44      0x1cc ./Middlewares/Third_Party/FreeRTOS/Source/timers.o
 .text.prvSwitchTimerLists
                0x0800bd10       0xcc ./Middlewares/Third_Party/FreeRTOS/Source/timers.o
 .text.prvCheckForValidListAndQueue
                0x0800bddc       0x80 ./Middlewares/Third_Party/FreeRTOS/Source/timers.o
 .text.pxPortInitialiseStack
                0x0800be5c       0x68 ./Middlewares/Third_Party/FreeRTOS/Source/portable/GCC/ARM_CM4F/port.o
                0x0800be5c                pxPortInitialiseStack
 .text.prvTaskExitError
                0x0800bec4       0x5c ./Middlewares/Third_Party/FreeRTOS/Source/portable/GCC/ARM_CM4F/port.o
 .text.SVC_Handler
                0x0800bf20       0x28 ./Middlewares/Third_Party/FreeRTOS/Source/portable/GCC/ARM_CM4F/port.o
                0x0800bf20                SVC_Handler
 .text.prvPortStartFirstTask
                0x0800bf48       0x28 ./Middlewares/Third_Party/FreeRTOS/Source/portable/GCC/ARM_CM4F/port.o
 .text.xPortStartScheduler
                0x0800bf70      0x148 ./Middlewares/Third_Party/FreeRTOS/Source/portable/GCC/ARM_CM4F/port.o
                0x0800bf70                xPortStartScheduler
 .text.vPortEnterCritical
                0x0800c0b8       0x64 ./Middlewares/Third_Party/FreeRTOS/Source/portable/GCC/ARM_CM4F/port.o
                0x0800c0b8                vPortEnterCritical
 .text.vPortExitCritical
                0x0800c11c       0x54 ./Middlewares/Third_Party/FreeRTOS/Source/portable/GCC/ARM_CM4F/port.o
                0x0800c11c                vPortExitCritical
 .text.PendSV_Handler
                0x0800c170       0x68 ./Middlewares/Third_Party/FreeRTOS/Source/portable/GCC/ARM_CM4F/port.o
                0x0800c170                PendSV_Handler
 .text.xPortSysTickHandler
                0x0800c1d8       0x44 ./Middlewares/Third_Party/FreeRTOS/Source/portable/GCC/ARM_CM4F/port.o
                0x0800c1d8                xPortSysTickHandler
 .text.vPortSetupTimerInterrupt
                0x0800c21c       0x48 ./Middlewares/Third_Party/FreeRTOS/Source/portable/GCC/ARM_CM4F/port.o
                0x0800c21c                vPortSetupTimerInterrupt
 .text.vPortEnableVFP
                0x0800c264       0x14 ./Middlewares/Third_Party/FreeRTOS/Source/portable/GCC/ARM_CM4F/port.o
 .text.vPortValidateInterruptPriority
                0x0800c278       0x84 ./Middlewares/Third_Party/FreeRTOS/Source/portable/GCC/ARM_CM4F/port.o
                0x0800c278                vPortValidateInterruptPriority
 .text.pvPortMalloc
                0x0800c2fc      0x19c ./Middlewares/Third_Party/FreeRTOS/Source/portable/MemMang/heap_4.o
                0x0800c2fc                pvPortMalloc
 .text.vPortFree
                0x0800c498       0xc8 ./Middlewares/Third_Party/FreeRTOS/Source/portable/MemMang/heap_4.o
                0x0800c498                vPortFree
 .text.prvHeapInit
                0x0800c560       0xc4 ./Middlewares/Third_Party/FreeRTOS/Source/portable/MemMang/heap_4.o
 .text.prvInsertBlockIntoFreeList
                0x0800c624       0xb4 ./Middlewares/Third_Party/FreeRTOS/Source/portable/MemMang/heap_4.o
 .text.Hex2Num  0x0800c6d8       0x54 ./Middlewares/WiFI/Src/es_wifi.o
 .text.ParseHexNumber
                0x0800c72c       0x86 ./Middlewares/WiFI/Src/es_wifi.o
 .text.ParseNumber
                0x0800c7b2       0x88 ./Middlewares/WiFI/Src/es_wifi.o
 .text.ParseMAC
                0x0800c83a       0x6e ./Middlewares/WiFI/Src/es_wifi.o
 .text.ParseIP  0x0800c8a8       0x6e ./Middlewares/WiFI/Src/es_wifi.o
 *fill*         0x0800c916        0x2 
 .text.AT_ParseInfo
                0x0800c918      0x11c ./Middlewares/WiFI/Src/es_wifi.o
 .text.AT_ParseConnSettings
                0x0800ca34      0x17c ./Middlewares/WiFI/Src/es_wifi.o
 .text.AT_ExecuteCommand
                0x0800cbb0       0xe0 ./Middlewares/WiFI/Src/es_wifi.o
 .text.AT_RequestSendData
                0x0800cc90      0x100 ./Middlewares/WiFI/Src/es_wifi.o
 .text.AT_RequestReceiveData
                0x0800cd90      0x144 ./Middlewares/WiFI/Src/es_wifi.o
 .text.ES_WIFI_Init
                0x0800ced4       0x68 ./Middlewares/WiFI/Src/es_wifi.o
                0x0800ced4                ES_WIFI_Init
 .text.ES_WIFI_RegisterBusIO
                0x0800cf3c       0x66 ./Middlewares/WiFI/Src/es_wifi.o
                0x0800cf3c                ES_WIFI_RegisterBusIO
 *fill*         0x0800cfa2        0x2 
 .text.ES_WIFI_Connect
                0x0800cfa4       0xf0 ./Middlewares/WiFI/Src/es_wifi.o
                0x0800cfa4                ES_WIFI_Connect
 .text.ES_WIFI_IsConnected
                0x0800d094       0x60 ./Middlewares/WiFI/Src/es_wifi.o
                0x0800d094                ES_WIFI_IsConnected
 .text.ES_WIFI_GetNetworkSettings
                0x0800d0f4       0x54 ./Middlewares/WiFI/Src/es_wifi.o
                0x0800d0f4                ES_WIFI_GetNetworkSettings
 .text.ES_WIFI_GetMACAddress
                0x0800d148       0x6c ./Middlewares/WiFI/Src/es_wifi.o
                0x0800d148                ES_WIFI_GetMACAddress
 .text.ES_WIFI_StartClientConnection
                0x0800d1b4      0x1b4 ./Middlewares/WiFI/Src/es_wifi.o
                0x0800d1b4                ES_WIFI_StartClientConnection
 .text.ES_WIFI_StopClientConnection
                0x0800d368       0x74 ./Middlewares/WiFI/Src/es_wifi.o
                0x0800d368                ES_WIFI_StopClientConnection
 .text.ES_WIFI_SendData
                0x0800d3dc      0x178 ./Middlewares/WiFI/Src/es_wifi.o
                0x0800d3dc                ES_WIFI_SendData
 .text.ES_WIFI_ReceiveData
                0x0800d554      0x180 ./Middlewares/WiFI/Src/es_wifi.o
                0x0800d554                ES_WIFI_ReceiveData
 .text.SPI_WIFI_MspInit
                0x0800d6d4      0x178 ./Middlewares/WiFI/Src/es_wifi_io.o
                0x0800d6d4                SPI_WIFI_MspInit
 .text.SPI_WIFI_Init
                0x0800d84c       0xbc ./Middlewares/WiFI/Src/es_wifi_io.o
                0x0800d84c                SPI_WIFI_Init
 .text.SPI_WIFI_ResetModule
                0x0800d908       0xf4 ./Middlewares/WiFI/Src/es_wifi_io.o
                0x0800d908                SPI_WIFI_ResetModule
 .text.SPI_WIFI_DeInit
                0x0800d9fc       0x14 ./Middlewares/WiFI/Src/es_wifi_io.o
                0x0800d9fc                SPI_WIFI_DeInit
 .text.wait_cmddata_rdy_high
                0x0800da10       0x44 ./Middlewares/WiFI/Src/es_wifi_io.o
 .text.wait_cmddata_rdy_rising_event
                0x0800da54       0x40 ./Middlewares/WiFI/Src/es_wifi_io.o
 .text.wait_spi_rx_event
                0x0800da94       0x40 ./Middlewares/WiFI/Src/es_wifi_io.o
 .text.wait_spi_tx_event
                0x0800dad4       0x40 ./Middlewares/WiFI/Src/es_wifi_io.o
 .text.SPI_WIFI_ReceiveData
                0x0800db14       0xf4 ./Middlewares/WiFI/Src/es_wifi_io.o
                0x0800db14                SPI_WIFI_ReceiveData
 .text.SPI_WIFI_SendData
                0x0800dc08       0xdc ./Middlewares/WiFI/Src/es_wifi_io.o
                0x0800dc08                SPI_WIFI_SendData
 .text.SPI_WIFI_Delay
                0x0800dce4       0x16 ./Middlewares/WiFI/Src/es_wifi_io.o
                0x0800dce4                SPI_WIFI_Delay
 *fill*         0x0800dcfa        0x2 
 .text.SPI_WIFI_DelayUs
                0x0800dcfc       0xa4 ./Middlewares/WiFI/Src/es_wifi_io.o
 .text.HAL_SPI_RxCpltCallback
                0x0800dda0       0x28 ./Middlewares/WiFI/Src/es_wifi_io.o
                0x0800dda0                HAL_SPI_RxCpltCallback
 .text.HAL_SPI_TxCpltCallback
                0x0800ddc8       0x28 ./Middlewares/WiFI/Src/es_wifi_io.o
                0x0800ddc8                HAL_SPI_TxCpltCallback
 .text.SPI_WIFI_ISR
                0x0800ddf0       0x20 ./Middlewares/WiFI/Src/es_wifi_io.o
                0x0800ddf0                SPI_WIFI_ISR
 .text.WIFI_Init
                0x0800de10       0x58 ./Middlewares/WiFI/Src/wifi.o
                0x0800de10                WIFI_Init
 .text.WIFI_Connect
                0x0800de68       0x44 ./Middlewares/WiFI/Src/wifi.o
                0x0800de68                WIFI_Connect
 .text.WIFI_GetMAC_Address
                0x0800deac       0x40 ./Middlewares/WiFI/Src/wifi.o
                0x0800deac                WIFI_GetMAC_Address
 .text.WIFI_GetIP_Address
                0x0800deec       0x48 ./Middlewares/WiFI/Src/wifi.o
                0x0800deec                WIFI_GetIP_Address
 .text.WIFI_OpenClientConnection
                0x0800df34       0x78 ./Middlewares/WiFI/Src/wifi.o
                0x0800df34                WIFI_OpenClientConnection
 .text.WIFI_CloseClientConnection
                0x0800dfac       0x38 ./Middlewares/WiFI/Src/wifi.o
                0x0800dfac                WIFI_CloseClientConnection
 .text.WIFI_SendData
                0x0800dfe4       0x44 ./Middlewares/WiFI/Src/wifi.o
                0x0800dfe4                WIFI_SendData
 .text.WIFI_ReceiveData
                0x0800e028       0x44 ./Middlewares/WiFI/Src/wifi.o
                0x0800e028                WIFI_ReceiveData
 .text.std      0x0800e06c       0x6c C:/ST/STM32CubeIDE_1.18.1/STM32CubeIDE/plugins/com.st.stm32cube.ide.mcu.externaltools.gnu-tools-for-stm32.13.3.rel1.win32_1.0.0.202411081344/tools/bin/../lib/gcc/arm-none-eabi/13.3.1/../../../../arm-none-eabi/lib/thumb/v7e-m+fp/hard\libc_nano.a(libc_a-findfp.o)
 .text.stdio_exit_handler
                0x0800e0d8       0x18 C:/ST/STM32CubeIDE_1.18.1/STM32CubeIDE/plugins/com.st.stm32cube.ide.mcu.externaltools.gnu-tools-for-stm32.13.3.rel1.win32_1.0.0.202411081344/tools/bin/../lib/gcc/arm-none-eabi/13.3.1/../../../../arm-none-eabi/lib/thumb/v7e-m+fp/hard\libc_nano.a(libc_a-findfp.o)
 .text.cleanup_stdio
                0x0800e0f0       0x40 C:/ST/STM32CubeIDE_1.18.1/STM32CubeIDE/plugins/com.st.stm32cube.ide.mcu.externaltools.gnu-tools-for-stm32.13.3.rel1.win32_1.0.0.202411081344/tools/bin/../lib/gcc/arm-none-eabi/13.3.1/../../../../arm-none-eabi/lib/thumb/v7e-m+fp/hard\libc_nano.a(libc_a-findfp.o)
 .text.global_stdio_init.part.0
                0x0800e130       0x3c C:/ST/STM32CubeIDE_1.18.1/STM32CubeIDE/plugins/com.st.stm32cube.ide.mcu.externaltools.gnu-tools-for-stm32.13.3.rel1.win32_1.0.0.202411081344/tools/bin/../lib/gcc/arm-none-eabi/13.3.1/../../../../arm-none-eabi/lib/thumb/v7e-m+fp/hard\libc_nano.a(libc_a-findfp.o)
 .text.__sfp_lock_acquire
                0x0800e16c        0xc C:/ST/STM32CubeIDE_1.18.1/STM32CubeIDE/plugins/com.st.stm32cube.ide.mcu.externaltools.gnu-tools-for-stm32.13.3.rel1.win32_1.0.0.202411081344/tools/bin/../lib/gcc/arm-none-eabi/13.3.1/../../../../arm-none-eabi/lib/thumb/v7e-m+fp/hard\libc_nano.a(libc_a-findfp.o)
                0x0800e16c                __sfp_lock_acquire
 .text.__sfp_lock_release
                0x0800e178        0xc C:/ST/STM32CubeIDE_1.18.1/STM32CubeIDE/plugins/com.st.stm32cube.ide.mcu.externaltools.gnu-tools-for-stm32.13.3.rel1.win32_1.0.0.202411081344/tools/bin/../lib/gcc/arm-none-eabi/13.3.1/../../../../arm-none-eabi/lib/thumb/v7e-m+fp/hard\libc_nano.a(libc_a-findfp.o)
                0x0800e178                __sfp_lock_release
 .text.__sinit  0x0800e184       0x30 C:/ST/STM32CubeIDE_1.18.1/STM32CubeIDE/plugins/com.st.stm32cube.ide.mcu.externaltools.gnu-tools-for-stm32.13.3.rel1.win32_1.0.0.202411081344/tools/bin/../lib/gcc/arm-none-eabi/13.3.1/../../../../arm-none-eabi/lib/thumb/v7e-m+fp/hard\libc_nano.a(libc_a-findfp.o)
                0x0800e184                __sinit
 .text._fwalk_sglue
                0x0800e1b4       0x3c C:/ST/STM32CubeIDE_1.18.1/STM32CubeIDE/plugins/com.st.stm32cube.ide.mcu.externaltools.gnu-tools-for-stm32.13.3.rel1.win32_1.0.0.202411081344/tools/bin/../lib/gcc/arm-none-eabi/13.3.1/../../../../arm-none-eabi/lib/thumb/v7e-m+fp/hard\libc_nano.a(libc_a-fwalk.o)
                0x0800e1b4                _fwalk_sglue
 .text.printf   0x0800e1f0       0x24 C:/ST/STM32CubeIDE_1.18.1/STM32CubeIDE/plugins/com.st.stm32cube.ide.mcu.externaltools.gnu-tools-for-stm32.13.3.rel1.win32_1.0.0.202411081344/tools/bin/../lib/gcc/arm-none-eabi/13.3.1/../../../../arm-none-eabi/lib/thumb/v7e-m+fp/hard\libc_nano.a(libc_a-printf.o)
                0x0800e1f0                iprintf
                0x0800e1f0                printf
 .text._puts_r  0x0800e214       0xaa C:/ST/STM32CubeIDE_1.18.1/STM32CubeIDE/plugins/com.st.stm32cube.ide.mcu.externaltools.gnu-tools-for-stm32.13.3.rel1.win32_1.0.0.202411081344/tools/bin/../lib/gcc/arm-none-eabi/13.3.1/../../../../arm-none-eabi/lib/thumb/v7e-m+fp/hard\libc_nano.a(libc_a-puts.o)
                0x0800e214                _puts_r
 *fill*         0x0800e2be        0x2 
 .text.puts     0x0800e2c0       0x10 C:/ST/STM32CubeIDE_1.18.1/STM32CubeIDE/plugins/com.st.stm32cube.ide.mcu.externaltools.gnu-tools-for-stm32.13.3.rel1.win32_1.0.0.202411081344/tools/bin/../lib/gcc/arm-none-eabi/13.3.1/../../../../arm-none-eabi/lib/thumb/v7e-m+fp/hard\libc_nano.a(libc_a-puts.o)
                0x0800e2c0                puts
 .text.snprintf
                0x0800e2d0       0x6c C:/ST/STM32CubeIDE_1.18.1/STM32CubeIDE/plugins/com.st.stm32cube.ide.mcu.externaltools.gnu-tools-for-stm32.13.3.rel1.win32_1.0.0.202411081344/tools/bin/../lib/gcc/arm-none-eabi/13.3.1/../../../../arm-none-eabi/lib/thumb/v7e-m+fp/hard\libc_nano.a(libc_a-snprintf.o)
                0x0800e2d0                sniprintf
                0x0800e2d0                snprintf
 .text.sprintf  0x0800e33c       0x44 C:/ST/STM32CubeIDE_1.18.1/STM32CubeIDE/plugins/com.st.stm32cube.ide.mcu.externaltools.gnu-tools-for-stm32.13.3.rel1.win32_1.0.0.202411081344/tools/bin/../lib/gcc/arm-none-eabi/13.3.1/../../../../arm-none-eabi/lib/thumb/v7e-m+fp/hard\libc_nano.a(libc_a-sprintf.o)
                0x0800e33c                siprintf
                0x0800e33c                sprintf
 .text.__sread  0x0800e380       0x22 C:/ST/STM32CubeIDE_1.18.1/STM32CubeIDE/plugins/com.st.stm32cube.ide.mcu.externaltools.gnu-tools-for-stm32.13.3.rel1.win32_1.0.0.202411081344/tools/bin/../lib/gcc/arm-none-eabi/13.3.1/../../../../arm-none-eabi/lib/thumb/v7e-m+fp/hard\libc_nano.a(libc_a-stdio.o)
                0x0800e380                __sread
 .text.__swrite
                0x0800e3a2       0x38 C:/ST/STM32CubeIDE_1.18.1/STM32CubeIDE/plugins/com.st.stm32cube.ide.mcu.externaltools.gnu-tools-for-stm32.13.3.rel1.win32_1.0.0.202411081344/tools/bin/../lib/gcc/arm-none-eabi/13.3.1/../../../../arm-none-eabi/lib/thumb/v7e-m+fp/hard\libc_nano.a(libc_a-stdio.o)
                0x0800e3a2                __swrite
 .text.__sseek  0x0800e3da       0x24 C:/ST/STM32CubeIDE_1.18.1/STM32CubeIDE/plugins/com.st.stm32cube.ide.mcu.externaltools.gnu-tools-for-stm32.13.3.rel1.win32_1.0.0.202411081344/tools/bin/../lib/gcc/arm-none-eabi/13.3.1/../../../../arm-none-eabi/lib/thumb/v7e-m+fp/hard\libc_nano.a(libc_a-stdio.o)
                0x0800e3da                __sseek
 .text.__sclose
                0x0800e3fe        0x8 C:/ST/STM32CubeIDE_1.18.1/STM32CubeIDE/plugins/com.st.stm32cube.ide.mcu.externaltools.gnu-tools-for-stm32.13.3.rel1.win32_1.0.0.202411081344/tools/bin/../lib/gcc/arm-none-eabi/13.3.1/../../../../arm-none-eabi/lib/thumb/v7e-m+fp/hard\libc_nano.a(libc_a-stdio.o)
                0x0800e3fe                __sclose
 .text.__swbuf_r
                0x0800e406       0x7c C:/ST/STM32CubeIDE_1.18.1/STM32CubeIDE/plugins/com.st.stm32cube.ide.mcu.externaltools.gnu-tools-for-stm32.13.3.rel1.win32_1.0.0.202411081344/tools/bin/../lib/gcc/arm-none-eabi/13.3.1/../../../../arm-none-eabi/lib/thumb/v7e-m+fp/hard\libc_nano.a(libc_a-wbuf.o)
                0x0800e406                __swbuf_r
 *fill*         0x0800e482        0x2 
 .text.__swsetup_r
                0x0800e484       0xac C:/ST/STM32CubeIDE_1.18.1/STM32CubeIDE/plugins/com.st.stm32cube.ide.mcu.externaltools.gnu-tools-for-stm32.13.3.rel1.win32_1.0.0.202411081344/tools/bin/../lib/gcc/arm-none-eabi/13.3.1/../../../../arm-none-eabi/lib/thumb/v7e-m+fp/hard\libc_nano.a(libc_a-wsetup.o)
                0x0800e484                __swsetup_r
 .text.memcmp   0x0800e530       0x20 C:/ST/STM32CubeIDE_1.18.1/STM32CubeIDE/plugins/com.st.stm32cube.ide.mcu.externaltools.gnu-tools-for-stm32.13.3.rel1.win32_1.0.0.202411081344/tools/bin/../lib/gcc/arm-none-eabi/13.3.1/../../../../arm-none-eabi/lib/thumb/v7e-m+fp/hard\libc_nano.a(libc_a-memcmp.o)
                0x0800e530                memcmp
 .text.memset   0x0800e550       0x10 C:/ST/STM32CubeIDE_1.18.1/STM32CubeIDE/plugins/com.st.stm32cube.ide.mcu.externaltools.gnu-tools-for-stm32.13.3.rel1.win32_1.0.0.202411081344/tools/bin/../lib/gcc/arm-none-eabi/13.3.1/../../../../arm-none-eabi/lib/thumb/v7e-m+fp/hard\libc_nano.a(libc_a-memset.o)
                0x0800e550                memset
 .text.strncpy  0x0800e560       0x26 C:/ST/STM32CubeIDE_1.18.1/STM32CubeIDE/plugins/com.st.stm32cube.ide.mcu.externaltools.gnu-tools-for-stm32.13.3.rel1.win32_1.0.0.202411081344/tools/bin/../lib/gcc/arm-none-eabi/13.3.1/../../../../arm-none-eabi/lib/thumb/v7e-m+fp/hard\libc_nano.a(libc_a-strncpy.o)
                0x0800e560                strncpy
 *fill*         0x0800e586        0x2 
 .text.strtok   0x0800e588       0x68 C:/ST/STM32CubeIDE_1.18.1/STM32CubeIDE/plugins/com.st.stm32cube.ide.mcu.externaltools.gnu-tools-for-stm32.13.3.rel1.win32_1.0.0.202411081344/tools/bin/../lib/gcc/arm-none-eabi/13.3.1/../../../../arm-none-eabi/lib/thumb/v7e-m+fp/hard\libc_nano.a(libc_a-strtok.o)
                0x0800e588                strtok
 .text.__strtok_r
                0x0800e5f0       0x50 C:/ST/STM32CubeIDE_1.18.1/STM32CubeIDE/plugins/com.st.stm32cube.ide.mcu.externaltools.gnu-tools-for-stm32.13.3.rel1.win32_1.0.0.202411081344/tools/bin/../lib/gcc/arm-none-eabi/13.3.1/../../../../arm-none-eabi/lib/thumb/v7e-m+fp/hard\libc_nano.a(libc_a-strtok_r.o)
                0x0800e5f0                __strtok_r
 .text.strstr   0x0800e640       0x2c C:/ST/STM32CubeIDE_1.18.1/STM32CubeIDE/plugins/com.st.stm32cube.ide.mcu.externaltools.gnu-tools-for-stm32.13.3.rel1.win32_1.0.0.202411081344/tools/bin/../lib/gcc/arm-none-eabi/13.3.1/../../../../arm-none-eabi/lib/thumb/v7e-m+fp/hard\libc_nano.a(libc_a-strstr.o)
                0x0800e640                strstr
 .text._close_r
                0x0800e66c       0x20 C:/ST/STM32CubeIDE_1.18.1/STM32CubeIDE/plugins/com.st.stm32cube.ide.mcu.externaltools.gnu-tools-for-stm32.13.3.rel1.win32_1.0.0.202411081344/tools/bin/../lib/gcc/arm-none-eabi/13.3.1/../../../../arm-none-eabi/lib/thumb/v7e-m+fp/hard\libc_nano.a(libc_a-closer.o)
                0x0800e66c                _close_r
 .text._lseek_r
                0x0800e68c       0x24 C:/ST/STM32CubeIDE_1.18.1/STM32CubeIDE/plugins/com.st.stm32cube.ide.mcu.externaltools.gnu-tools-for-stm32.13.3.rel1.win32_1.0.0.202411081344/tools/bin/../lib/gcc/arm-none-eabi/13.3.1/../../../../arm-none-eabi/lib/thumb/v7e-m+fp/hard\libc_nano.a(libc_a-lseekr.o)
                0x0800e68c                _lseek_r
 .text._read_r  0x0800e6b0       0x24 C:/ST/STM32CubeIDE_1.18.1/STM32CubeIDE/plugins/com.st.stm32cube.ide.mcu.externaltools.gnu-tools-for-stm32.13.3.rel1.win32_1.0.0.202411081344/tools/bin/../lib/gcc/arm-none-eabi/13.3.1/../../../../arm-none-eabi/lib/thumb/v7e-m+fp/hard\libc_nano.a(libc_a-readr.o)
                0x0800e6b0                _read_r
 .text._write_r
                0x0800e6d4       0x24 C:/ST/STM32CubeIDE_1.18.1/STM32CubeIDE/plugins/com.st.stm32cube.ide.mcu.externaltools.gnu-tools-for-stm32.13.3.rel1.win32_1.0.0.202411081344/tools/bin/../lib/gcc/arm-none-eabi/13.3.1/../../../../arm-none-eabi/lib/thumb/v7e-m+fp/hard\libc_nano.a(libc_a-writer.o)
                0x0800e6d4                _write_r
 .text.__errno  0x0800e6f8        0xc C:/ST/STM32CubeIDE_1.18.1/STM32CubeIDE/plugins/com.st.stm32cube.ide.mcu.externaltools.gnu-tools-for-stm32.13.3.rel1.win32_1.0.0.202411081344/tools/bin/../lib/gcc/arm-none-eabi/13.3.1/../../../../arm-none-eabi/lib/thumb/v7e-m+fp/hard\libc_nano.a(libc_a-errno.o)
                0x0800e6f8                __errno
 .text.__libc_init_array
                0x0800e704       0x48 C:/ST/STM32CubeIDE_1.18.1/STM32CubeIDE/plugins/com.st.stm32cube.ide.mcu.externaltools.gnu-tools-for-stm32.13.3.rel1.win32_1.0.0.202411081344/tools/bin/../lib/gcc/arm-none-eabi/13.3.1/../../../../arm-none-eabi/lib/thumb/v7e-m+fp/hard\libc_nano.a(libc_a-init.o)
                0x0800e704                __libc_init_array
 .text.__retarget_lock_init_recursive
                0x0800e74c        0x2 C:/ST/STM32CubeIDE_1.18.1/STM32CubeIDE/plugins/com.st.stm32cube.ide.mcu.externaltools.gnu-tools-for-stm32.13.3.rel1.win32_1.0.0.202411081344/tools/bin/../lib/gcc/arm-none-eabi/13.3.1/../../../../arm-none-eabi/lib/thumb/v7e-m+fp/hard\libc_nano.a(libc_a-lock.o)
                0x0800e74c                __retarget_lock_init_recursive
 .text.__retarget_lock_acquire_recursive
                0x0800e74e        0x2 C:/ST/STM32CubeIDE_1.18.1/STM32CubeIDE/plugins/com.st.stm32cube.ide.mcu.externaltools.gnu-tools-for-stm32.13.3.rel1.win32_1.0.0.202411081344/tools/bin/../lib/gcc/arm-none-eabi/13.3.1/../../../../arm-none-eabi/lib/thumb/v7e-m+fp/hard\libc_nano.a(libc_a-lock.o)
                0x0800e74e                __retarget_lock_acquire_recursive
 .text.__retarget_lock_release_recursive
                0x0800e750        0x2 C:/ST/STM32CubeIDE_1.18.1/STM32CubeIDE/plugins/com.st.stm32cube.ide.mcu.externaltools.gnu-tools-for-stm32.13.3.rel1.win32_1.0.0.202411081344/tools/bin/../lib/gcc/arm-none-eabi/13.3.1/../../../../arm-none-eabi/lib/thumb/v7e-m+fp/hard\libc_nano.a(libc_a-lock.o)
                0x0800e750                __retarget_lock_release_recursive
 .text.memcpy   0x0800e752       0x1c C:/ST/STM32CubeIDE_1.18.1/STM32CubeIDE/plugins/com.st.stm32cube.ide.mcu.externaltools.gnu-tools-for-stm32.13.3.rel1.win32_1.0.0.202411081344/tools/bin/../lib/gcc/arm-none-eabi/13.3.1/../../../../arm-none-eabi/lib/thumb/v7e-m+fp/hard\libc_nano.a(libc_a-memcpy-stub.o)
                0x0800e752                memcpy
 *fill*         0x0800e76e        0x2 
 .text.__assert_func
                0x0800e770       0x3c C:/ST/STM32CubeIDE_1.18.1/STM32CubeIDE/plugins/com.st.stm32cube.ide.mcu.externaltools.gnu-tools-for-stm32.13.3.rel1.win32_1.0.0.202411081344/tools/bin/../lib/gcc/arm-none-eabi/13.3.1/../../../../arm-none-eabi/lib/thumb/v7e-m+fp/hard\libc_nano.a(libc_a-assert.o)
                0x0800e770                __assert_func
 .text._free_r  0x0800e7ac       0x94 C:/ST/STM32CubeIDE_1.18.1/STM32CubeIDE/plugins/com.st.stm32cube.ide.mcu.externaltools.gnu-tools-for-stm32.13.3.rel1.win32_1.0.0.202411081344/tools/bin/../lib/gcc/arm-none-eabi/13.3.1/../../../../arm-none-eabi/lib/thumb/v7e-m+fp/hard\libc_nano.a(libc_a-freer.o)
                0x0800e7ac                _free_r
 .text.malloc   0x0800e840       0x10 C:/ST/STM32CubeIDE_1.18.1/STM32CubeIDE/plugins/com.st.stm32cube.ide.mcu.externaltools.gnu-tools-for-stm32.13.3.rel1.win32_1.0.0.202411081344/tools/bin/../lib/gcc/arm-none-eabi/13.3.1/../../../../arm-none-eabi/lib/thumb/v7e-m+fp/hard\libc_nano.a(libc_a-malloc.o)
                0x0800e840                malloc
 .text.sbrk_aligned
                0x0800e850       0x44 C:/ST/STM32CubeIDE_1.18.1/STM32CubeIDE/plugins/com.st.stm32cube.ide.mcu.externaltools.gnu-tools-for-stm32.13.3.rel1.win32_1.0.0.202411081344/tools/bin/../lib/gcc/arm-none-eabi/13.3.1/../../../../arm-none-eabi/lib/thumb/v7e-m+fp/hard\libc_nano.a(libc_a-mallocr.o)
 .text._malloc_r
                0x0800e894      0x100 C:/ST/STM32CubeIDE_1.18.1/STM32CubeIDE/plugins/com.st.stm32cube.ide.mcu.externaltools.gnu-tools-for-stm32.13.3.rel1.win32_1.0.0.202411081344/tools/bin/../lib/gcc/arm-none-eabi/13.3.1/../../../../arm-none-eabi/lib/thumb/v7e-m+fp/hard\libc_nano.a(libc_a-mallocr.o)
                0x0800e894                _malloc_r
 .text.__malloc_lock
                0x0800e994        0xc C:/ST/STM32CubeIDE_1.18.1/STM32CubeIDE/plugins/com.st.stm32cube.ide.mcu.externaltools.gnu-tools-for-stm32.13.3.rel1.win32_1.0.0.202411081344/tools/bin/../lib/gcc/arm-none-eabi/13.3.1/../../../../arm-none-eabi/lib/thumb/v7e-m+fp/hard\libc_nano.a(libc_a-mlock.o)
                0x0800e994                __malloc_lock
 .text.__malloc_unlock
                0x0800e9a0        0xc C:/ST/STM32CubeIDE_1.18.1/STM32CubeIDE/plugins/com.st.stm32cube.ide.mcu.externaltools.gnu-tools-for-stm32.13.3.rel1.win32_1.0.0.202411081344/tools/bin/../lib/gcc/arm-none-eabi/13.3.1/../../../../arm-none-eabi/lib/thumb/v7e-m+fp/hard\libc_nano.a(libc_a-mlock.o)
                0x0800e9a0                __malloc_unlock
 .text.__ssputs_r
                0x0800e9ac       0xb6 C:/ST/STM32CubeIDE_1.18.1/STM32CubeIDE/plugins/com.st.stm32cube.ide.mcu.externaltools.gnu-tools-for-stm32.13.3.rel1.win32_1.0.0.202411081344/tools/bin/../lib/gcc/arm-none-eabi/13.3.1/../../../../arm-none-eabi/lib/thumb/v7e-m+fp/hard\libc_nano.a(libc_a-nano-svfprintf.o)
                0x0800e9ac                __ssputs_r
 *fill*         0x0800ea62        0x2 
 .text._svfprintf_r
                0x0800ea64      0x1f8 C:/ST/STM32CubeIDE_1.18.1/STM32CubeIDE/plugins/com.st.stm32cube.ide.mcu.externaltools.gnu-tools-for-stm32.13.3.rel1.win32_1.0.0.202411081344/tools/bin/../lib/gcc/arm-none-eabi/13.3.1/../../../../arm-none-eabi/lib/thumb/v7e-m+fp/hard\libc_nano.a(libc_a-nano-svfprintf.o)
                0x0800ea64                _svfiprintf_r
                0x0800ea64                _svfprintf_r
 .text.__sfputc_r
                0x0800ec5c       0x2e C:/ST/STM32CubeIDE_1.18.1/STM32CubeIDE/plugins/com.st.stm32cube.ide.mcu.externaltools.gnu-tools-for-stm32.13.3.rel1.win32_1.0.0.202411081344/tools/bin/../lib/gcc/arm-none-eabi/13.3.1/../../../../arm-none-eabi/lib/thumb/v7e-m+fp/hard\libc_nano.a(libc_a-nano-vfprintf.o)
 .text.__sfputs_r
                0x0800ec8a       0x24 C:/ST/STM32CubeIDE_1.18.1/STM32CubeIDE/plugins/com.st.stm32cube.ide.mcu.externaltools.gnu-tools-for-stm32.13.3.rel1.win32_1.0.0.202411081344/tools/bin/../lib/gcc/arm-none-eabi/13.3.1/../../../../arm-none-eabi/lib/thumb/v7e-m+fp/hard\libc_nano.a(libc_a-nano-vfprintf.o)
                0x0800ec8a                __sfputs_r
 *fill*         0x0800ecae        0x2 
 .text._vfprintf_r
                0x0800ecb0      0x230 C:/ST/STM32CubeIDE_1.18.1/STM32CubeIDE/plugins/com.st.stm32cube.ide.mcu.externaltools.gnu-tools-for-stm32.13.3.rel1.win32_1.0.0.202411081344/tools/bin/../lib/gcc/arm-none-eabi/13.3.1/../../../../arm-none-eabi/lib/thumb/v7e-m+fp/hard\libc_nano.a(libc_a-nano-vfprintf.o)
                0x0800ecb0                _vfprintf_r
                0x0800ecb0                _vfiprintf_r
 .text._printf_common
                0x0800eee0       0xda C:/ST/STM32CubeIDE_1.18.1/STM32CubeIDE/plugins/com.st.stm32cube.ide.mcu.externaltools.gnu-tools-for-stm32.13.3.rel1.win32_1.0.0.202411081344/tools/bin/../lib/gcc/arm-none-eabi/13.3.1/../../../../arm-none-eabi/lib/thumb/v7e-m+fp/hard\libc_nano.a(libc_a-nano-vfprintf_i.o)
                0x0800eee0                _printf_common
 *fill*         0x0800efba        0x2 
 .text._printf_i
                0x0800efbc      0x23c C:/ST/STM32CubeIDE_1.18.1/STM32CubeIDE/plugins/com.st.stm32cube.ide.mcu.externaltools.gnu-tools-for-stm32.13.3.rel1.win32_1.0.0.202411081344/tools/bin/../lib/gcc/arm-none-eabi/13.3.1/../../../../arm-none-eabi/lib/thumb/v7e-m+fp/hard\libc_nano.a(libc_a-nano-vfprintf_i.o)
                0x0800efbc                _printf_i
 .text.__sflush_r
                0x0800f1f8      0x108 C:/ST/STM32CubeIDE_1.18.1/STM32CubeIDE/plugins/com.st.stm32cube.ide.mcu.externaltools.gnu-tools-for-stm32.13.3.rel1.win32_1.0.0.202411081344/tools/bin/../lib/gcc/arm-none-eabi/13.3.1/../../../../arm-none-eabi/lib/thumb/v7e-m+fp/hard\libc_nano.a(libc_a-fflush.o)
                0x0800f1f8                __sflush_r
 .text._fflush_r
                0x0800f300       0x50 C:/ST/STM32CubeIDE_1.18.1/STM32CubeIDE/plugins/com.st.stm32cube.ide.mcu.externaltools.gnu-tools-for-stm32.13.3.rel1.win32_1.0.0.202411081344/tools/bin/../lib/gcc/arm-none-eabi/13.3.1/../../../../arm-none-eabi/lib/thumb/v7e-m+fp/hard\libc_nano.a(libc_a-fflush.o)
                0x0800f300                _fflush_r
 .text.fprintf  0x0800f350       0x24 C:/ST/STM32CubeIDE_1.18.1/STM32CubeIDE/plugins/com.st.stm32cube.ide.mcu.externaltools.gnu-tools-for-stm32.13.3.rel1.win32_1.0.0.202411081344/tools/bin/../lib/gcc/arm-none-eabi/13.3.1/../../../../arm-none-eabi/lib/thumb/v7e-m+fp/hard\libc_nano.a(libc_a-fprintf.o)
                0x0800f350                fiprintf
                0x0800f350                fprintf
 .text.__swhatbuf_r
                0x0800f374       0x4c C:/ST/STM32CubeIDE_1.18.1/STM32CubeIDE/plugins/com.st.stm32cube.ide.mcu.externaltools.gnu-tools-for-stm32.13.3.rel1.win32_1.0.0.202411081344/tools/bin/../lib/gcc/arm-none-eabi/13.3.1/../../../../arm-none-eabi/lib/thumb/v7e-m+fp/hard\libc_nano.a(libc_a-makebuf.o)
                0x0800f374                __swhatbuf_r
 .text.__smakebuf_r
                0x0800f3c0       0x78 C:/ST/STM32CubeIDE_1.18.1/STM32CubeIDE/plugins/com.st.stm32cube.ide.mcu.externaltools.gnu-tools-for-stm32.13.3.rel1.win32_1.0.0.202411081344/tools/bin/../lib/gcc/arm-none-eabi/13.3.1/../../../../arm-none-eabi/lib/thumb/v7e-m+fp/hard\libc_nano.a(libc_a-makebuf.o)
                0x0800f3c0                __smakebuf_r
 .text.memmove  0x0800f438       0x34 C:/ST/STM32CubeIDE_1.18.1/STM32CubeIDE/plugins/com.st.stm32cube.ide.mcu.externaltools.gnu-tools-for-stm32.13.3.rel1.win32_1.0.0.202411081344/tools/bin/../lib/gcc/arm-none-eabi/13.3.1/../../../../arm-none-eabi/lib/thumb/v7e-m+fp/hard\libc_nano.a(libc_a-memmove.o)
                0x0800f438                memmove
 .text._fstat_r
                0x0800f46c       0x24 C:/ST/STM32CubeIDE_1.18.1/STM32CubeIDE/plugins/com.st.stm32cube.ide.mcu.externaltools.gnu-tools-for-stm32.13.3.rel1.win32_1.0.0.202411081344/tools/bin/../lib/gcc/arm-none-eabi/13.3.1/../../../../arm-none-eabi/lib/thumb/v7e-m+fp/hard\libc_nano.a(libc_a-fstatr.o)
                0x0800f46c                _fstat_r
 .text._isatty_r
                0x0800f490       0x20 C:/ST/STM32CubeIDE_1.18.1/STM32CubeIDE/plugins/com.st.stm32cube.ide.mcu.externaltools.gnu-tools-for-stm32.13.3.rel1.win32_1.0.0.202411081344/tools/bin/../lib/gcc/arm-none-eabi/13.3.1/../../../../arm-none-eabi/lib/thumb/v7e-m+fp/hard\libc_nano.a(libc_a-isattyr.o)
                0x0800f490                _isatty_r
 .text._sbrk_r  0x0800f4b0       0x20 C:/ST/STM32CubeIDE_1.18.1/STM32CubeIDE/plugins/com.st.stm32cube.ide.mcu.externaltools.gnu-tools-for-stm32.13.3.rel1.win32_1.0.0.202411081344/tools/bin/../lib/gcc/arm-none-eabi/13.3.1/../../../../arm-none-eabi/lib/thumb/v7e-m+fp/hard\libc_nano.a(libc_a-sbrkr.o)
                0x0800f4b0                _sbrk_r
 .text.abort    0x0800f4d0        0xe C:/ST/STM32CubeIDE_1.18.1/STM32CubeIDE/plugins/com.st.stm32cube.ide.mcu.externaltools.gnu-tools-for-stm32.13.3.rel1.win32_1.0.0.202411081344/tools/bin/../lib/gcc/arm-none-eabi/13.3.1/../../../../arm-none-eabi/lib/thumb/v7e-m+fp/hard\libc_nano.a(libc_a-abort.o)
                0x0800f4d0                abort
 .text._realloc_r
                0x0800f4de       0x5c C:/ST/STM32CubeIDE_1.18.1/STM32CubeIDE/plugins/com.st.stm32cube.ide.mcu.externaltools.gnu-tools-for-stm32.13.3.rel1.win32_1.0.0.202411081344/tools/bin/../lib/gcc/arm-none-eabi/13.3.1/../../../../arm-none-eabi/lib/thumb/v7e-m+fp/hard\libc_nano.a(libc_a-reallocr.o)
                0x0800f4de                _realloc_r
 .text._raise_r
                0x0800f53a       0x50 C:/ST/STM32CubeIDE_1.18.1/STM32CubeIDE/plugins/com.st.stm32cube.ide.mcu.externaltools.gnu-tools-for-stm32.13.3.rel1.win32_1.0.0.202411081344/tools/bin/../lib/gcc/arm-none-eabi/13.3.1/../../../../arm-none-eabi/lib/thumb/v7e-m+fp/hard\libc_nano.a(libc_a-signal.o)
                0x0800f53a                _raise_r
 *fill*         0x0800f58a        0x2 
 .text.raise    0x0800f58c       0x10 C:/ST/STM32CubeIDE_1.18.1/STM32CubeIDE/plugins/com.st.stm32cube.ide.mcu.externaltools.gnu-tools-for-stm32.13.3.rel1.win32_1.0.0.202411081344/tools/bin/../lib/gcc/arm-none-eabi/13.3.1/../../../../arm-none-eabi/lib/thumb/v7e-m+fp/hard\libc_nano.a(libc_a-signal.o)
                0x0800f58c                raise
 .text._kill_r  0x0800f59c       0x24 C:/ST/STM32CubeIDE_1.18.1/STM32CubeIDE/plugins/com.st.stm32cube.ide.mcu.externaltools.gnu-tools-for-stm32.13.3.rel1.win32_1.0.0.202411081344/tools/bin/../lib/gcc/arm-none-eabi/13.3.1/../../../../arm-none-eabi/lib/thumb/v7e-m+fp/hard\libc_nano.a(libc_a-signalr.o)
                0x0800f59c                _kill_r
 .text._getpid_r
                0x0800f5c0        0x4 C:/ST/STM32CubeIDE_1.18.1/STM32CubeIDE/plugins/com.st.stm32cube.ide.mcu.externaltools.gnu-tools-for-stm32.13.3.rel1.win32_1.0.0.202411081344/tools/bin/../lib/gcc/arm-none-eabi/13.3.1/../../../../arm-none-eabi/lib/thumb/v7e-m+fp/hard\libc_nano.a(libc_a-signalr.o)
                0x0800f5c0                _getpid_r
 .text._malloc_usable_size_r
                0x0800f5c4       0x10 C:/ST/STM32CubeIDE_1.18.1/STM32CubeIDE/plugins/com.st.stm32cube.ide.mcu.externaltools.gnu-tools-for-stm32.13.3.rel1.win32_1.0.0.202411081344/tools/bin/../lib/gcc/arm-none-eabi/13.3.1/../../../../arm-none-eabi/lib/thumb/v7e-m+fp/hard\libc_nano.a(libc_a-msizer.o)
                0x0800f5c4                _malloc_usable_size_r
 *(.glue_7)
 .glue_7        0x0800f5d4        0x0 linker stubs
 *(.glue_7t)
 .glue_7t       0x0800f5d4        0x0 linker stubs
 *(.eh_frame)
 .eh_frame      0x0800f5d4        0x0 C:/ST/STM32CubeIDE_1.18.1/STM32CubeIDE/plugins/com.st.stm32cube.ide.mcu.externaltools.gnu-tools-for-stm32.13.3.rel1.win32_1.0.0.202411081344/tools/bin/../lib/gcc/arm-none-eabi/13.3.1/thumb/v7e-m+fp/hard/crtbegin.o
 *(.init)
 .init          0x0800f5d4        0x4 C:/ST/STM32CubeIDE_1.18.1/STM32CubeIDE/plugins/com.st.stm32cube.ide.mcu.externaltools.gnu-tools-for-stm32.13.3.rel1.win32_1.0.0.202411081344/tools/bin/../lib/gcc/arm-none-eabi/13.3.1/thumb/v7e-m+fp/hard/crti.o
                0x0800f5d4                _init
 .init          0x0800f5d8        0x8 C:/ST/STM32CubeIDE_1.18.1/STM32CubeIDE/plugins/com.st.stm32cube.ide.mcu.externaltools.gnu-tools-for-stm32.13.3.rel1.win32_1.0.0.202411081344/tools/bin/../lib/gcc/arm-none-eabi/13.3.1/thumb/v7e-m+fp/hard/crtn.o
 *(.fini)
 .fini          0x0800f5e0        0x4 C:/ST/STM32CubeIDE_1.18.1/STM32CubeIDE/plugins/com.st.stm32cube.ide.mcu.externaltools.gnu-tools-for-stm32.13.3.rel1.win32_1.0.0.202411081344/tools/bin/../lib/gcc/arm-none-eabi/13.3.1/thumb/v7e-m+fp/hard/crti.o
                0x0800f5e0                _fini
 .fini          0x0800f5e4        0x8 C:/ST/STM32CubeIDE_1.18.1/STM32CubeIDE/plugins/com.st.stm32cube.ide.mcu.externaltools.gnu-tools-for-stm32.13.3.rel1.win32_1.0.0.202411081344/tools/bin/../lib/gcc/arm-none-eabi/13.3.1/thumb/v7e-m+fp/hard/crtn.o
                0x0800f5ec                        . = ALIGN (0x4)
                0x0800f5ec                        _etext = .

.vfp11_veneer   0x0800f5ec        0x0
 .vfp11_veneer  0x0800f5ec        0x0 linker stubs

.v4_bx          0x0800f5ec        0x0
 .v4_bx         0x0800f5ec        0x0 linker stubs

.iplt           0x0800f5ec        0x0
 .iplt          0x0800f5ec        0x0 C:/ST/STM32CubeIDE_1.18.1/STM32CubeIDE/plugins/com.st.stm32cube.ide.mcu.externaltools.gnu-tools-for-stm32.13.3.rel1.win32_1.0.0.202411081344/tools/bin/../lib/gcc/arm-none-eabi/13.3.1/thumb/v7e-m+fp/hard/crtbegin.o

.rodata         0x0800f5ec      0xbd4
                0x0800f5ec                        . = ALIGN (0x4)
 *(.rodata)
 .rodata        0x0800f5ec      0x199 ./Core/Src/app_tasks.o
 *fill*         0x0800f785        0x3 
 .rodata        0x0800f788       0xd1 ./Core/Src/main.o
 *fill*         0x0800f859        0x3 
 .rodata        0x0800f85c       0x8f ./Core/Src/servo.o
 *fill*         0x0800f8eb        0x1 
 .rodata        0x0800f8ec      0x2a9 ./Core/Src/wifi_http.o
 *fill*         0x0800fb95        0x3 
 .rodata        0x0800fb98        0x5 ./Middlewares/Third_Party/FreeRTOS/Source/tasks.o
 *fill*         0x0800fb9d        0x3 
 .rodata        0x0800fba0        0xd ./Middlewares/Third_Party/FreeRTOS/Source/timers.o
 *fill*         0x0800fbad        0x3 
 .rodata        0x0800fbb0      0x4c2 ./Middlewares/WiFI/Src/es_wifi.o
 *(.rodata*)
 *fill*         0x08010072        0x2 
 .rodata.defaultTask_attributes
                0x08010074       0x24 ./Core/Src/main.o
                0x08010074                defaultTask_attributes
 .rodata.AHBPrescTable
                0x08010098       0x10 ./Core/Src/system_stm32l4xx.o
                0x08010098                AHBPrescTable
 .rodata.APBPrescTable
                0x080100a8        0x8 ./Core/Src/system_stm32l4xx.o
                0x080100a8                APBPrescTable
 .rodata.MSIRangeTable
                0x080100b0       0x30 ./Core/Src/system_stm32l4xx.o
                0x080100b0                MSIRangeTable
 .rodata.strtok.str1.1
                0x080100e0       0xe0 C:/ST/STM32CubeIDE_1.18.1/STM32CubeIDE/plugins/com.st.stm32cube.ide.mcu.externaltools.gnu-tools-for-stm32.13.3.rel1.win32_1.0.0.202411081344/tools/bin/../lib/gcc/arm-none-eabi/13.3.1/../../../../arm-none-eabi/lib/thumb/v7e-m+fp/hard\libc_nano.a(libc_a-strtok.o)
                                 0x71 (size before relaxing)
 .rodata.__assert_func.str1.1