../Core/Src/rc522.c:47:6:RC522_WriteReg	24	static
../Core/Src/rc522.c:59:9:RC522_ReadReg	24	static
../Core/Src/rc522.c:74:13:RC522_SetBitMask	24	static
../Core/Src/rc522.c:80:13:RC522_ClearBitMask	24	static
../Core/Src/rc522.c:86:13:RC522_HardReset	8	static
../Core/Src/rc522.c:94:6:RC522_AntennaOn	16	static
../Core/Src/rc522.c:104:6:RC522_Init	8	static
../Core/Src/rc522.c:122:16:RC522_ToCard	40	static
../Core/Src/rc522.c:222:9:RC522_Request	32	static
../Core/Src/rc522.c:241:9:RC522_Anticoll	32	static
